
> canranstudio@0.0.0 test:l49:behavior
> playwright test tests/e2e/l49- --reporter=list


Running 164 tests using 1 worker

(node:37361) Warning: The 'NO_COLOR' env is ignored due to the 'FORCE_COLOR' env being set.
(Use `node --trace-warnings ...` to show where the warning was created)
  ✓    1 tests/e2e/l49-butcher.spec.js:38:1 › 三单答错后保留当前题和解释，孩子点击继续才换题 (3.2s)
  ✓    2 tests/e2e/l49-butcher.spec.js:52:1 › 课文等待录音结束，结束后仍由孩子手动进入下一句 (4.0s)
  ✓    3 tests/e2e/l49-butcher.spec.js:66:1 › Do/Are 根据情境选择完整问句，错误解释停留到手动继续 (1.9s)
  ✓    4 tests/e2e/l49-butcher.spec.js:85:1 › 词卡保留准确图义和抽象词情境，移除来源分类 (509ms)
  ✓    5 tests/e2e/l49-butcher.spec.js:102:1 › 提示与首次错误分别记录，刷新恢复作答反馈，旧星星不冒充新记录 (981ms)
  ✓    6 tests/e2e/l49-butcher.spec.js:126:1 › 连续听辨重听不记提示，六题后仍显示待练单词 (1.4s)
  ✓    7 tests/e2e/l49-butcher.spec.js:147:1 › 锦囊开合不发星星，表达按用途理解后才完成任务 (673ms)
  ✓    8 tests/e2e/l49-butcher.spec.js:170:1 › either 与 too 先判断两个人的意思，再选择有前文的回应 (844ms)
  ✓    9 tests/e2e/l49-butcher.spec.js:187:1 › give 先理解人物物品，再预测、撤回重排并交给新接收者 (1.4s)
  ✓   10 tests/e2e/l49-butcher.spec.js:218:1 › 主语分类包含 I 和 you，否定句用原形，翻译需要组织词块 (2.0s)
  ✓   11 tests/e2e/l49-butcher.spec.js:243:1 › 完整原文听完后开放理解题，使用线索记录为提示后完成 (2.2s)
  ✓   12 tests/e2e/l49-butcher.spec.js:279:1 › 新订单分两段暂停恢复，最后一题反馈不会被结算跳过 (3.3s)
  ✓   13 tests/e2e/l49-butcher.spec.js:318:1 › 完成任务后地图成长，重开冒险同时清除新的练习草稿 (1.9s)
  ✓   14 tests/e2e/l49-butcher.spec.js:340:1 › 损坏的练习草稿不阻断答题，保存失败可通过页面重试恢复 (840ms)
  ✓   15 tests/e2e/l49-butcher.spec.js:372:1 › 原录音失败时保持课文位置，重试成功后才允许继续 (451ms)
  ✓   16 tests/e2e/l49-butcher.spec.js:392:1 › 390 短屏词卡不溢出，答题后选项尺寸稳定且支持键盘继续 (680ms)
  ✓   17 tests/e2e/l49-butcher.spec.js:417:1 › 真实本地录音逐段结束后可完成全部原文，仍需手动确认 (44.4s)
  ✓   18 tests/e2e/l49-butcher.spec.js:437:1 › 从零完成五关可领学习证书，返回地图显示完成状态 (13.9s)
  ✓   19 tests/e2e/l49-focus.spec.js:19:1 › 一个听辨入口贯穿14词，暂停恢复且整轮完成后才满星 (3.8s)
  ✓   20 tests/e2e/l49-focus.spec.js:52:1 › 课文逐段保留前文，仅对话区跟随新句，下一句不移动整页 (736ms)
  ✓   21 tests/e2e/l49-focus.spec.js:79:3 › give 的检查与继续位置稳定 (472ms)
  ✓   22 tests/e2e/l49-focus.spec.js:79:3 › either 的检查与继续位置稳定 (499ms)
  ✓   23 tests/e2e/l49-focus.spec.js:79:3 › fill 的检查与继续位置稳定 (459ms)
  ✓   24 tests/e2e/l49-focus.spec.js:79:3 › choice 的检查与继续位置稳定 (456ms)
  ✓   25 tests/e2e/l49-focus.spec.js:79:3 › trans 的检查与继续位置稳定 (515ms)
  ✓   26 tests/e2e/l49-focus.spec.js:79:3 › exam 的检查与继续位置稳定 (525ms)
  ✓   27 tests/e2e/l49-focus.spec.js:94:1 › 三单分拣的选项不被反馈挤动，继续后留在原位置 (447ms)
  ✓   28 tests/e2e/l49-focus.spec.js:108:1 › 故事理解只显示当前任务，离开与刷新保留当前作答位置 (585ms)
  ✓   29 tests/e2e/l49-focus.spec.js:121:1 › 退出正在播放的活动会停音，回来后可重听到结束 (425ms)
  ✓   30 tests/e2e/l49-focus.spec.js:138:71 › 320×568 小屏仍能作答、打开帮助和返回 (484ms)
  ✓   31 tests/e2e/l49-focus.spec.js:138:71 › 844×390 小屏仍能作答、打开帮助和返回 (495ms)
  ✓   32 tests/e2e/l49-focus.spec.js:151:1 › 证书使用统一图标并可从公开按钮保存图片、关闭预览 (1.3s)
  ✓   33 tests/e2e/l49-l50-navigation.spec.js:30:3 › /lesson49/ uses the compact themed course header (435ms)
  ✓   34 tests/e2e/l49-l50-navigation.spec.js:75:3 › /lesson49/ keeps the compact header usable at 320px (332ms)
  ✓   35 tests/e2e/l49-l50-navigation.spec.js:30:3 › /lesson50/ uses the compact themed course header (1.3s)
  ✓   36 tests/e2e/l49-l50-navigation.spec.js:75:3 › /lesson50/ keeps the compact header usable at 320px (253ms)
  ✓   37 tests/e2e/l49-listen-restore-diagnosis.spec.js:44:3 › 已经进入末题正确反馈的异常旧草稿，只重做后三题且正常新答案可刷新恢复 (1.6s)
  ✓   38 tests/e2e/l49-listen-restore-diagnosis.spec.js:44:3 › 已经进入完成页的异常旧草稿，只重做后三题且正常新答案可刷新恢复 (1.5s)
  ✓   39 tests/e2e/l49-listen-restore-diagnosis.spec.js:70:1 › 只有历史成绩回填形成的旧完成草稿恢复为待答，历史手记与星星保留 (602ms)
  ✓   40 tests/e2e/l49-listen-restore-diagnosis.spec.js:93:3 › 草稿防护：上一轮答案不能被恢复为本轮正确作答 (824ms)
  ✓   41 tests/e2e/l49-listen-restore-diagnosis.spec.js:93:3 › 草稿防护：另一题答案不能被恢复为本轮正确作答 (861ms)
  ✓   42 tests/e2e/l49-listen-restore-diagnosis.spec.js:93:3 › 草稿防护：零次提交却已答对不能被恢复为本轮正确作答 (819ms)
  ✓   43 tests/e2e/l49-listen-restore-diagnosis.spec.js:93:3 › 草稿防护：答案与判分矛盾不能被恢复为本轮正确作答 (853ms)
  ✓   44 tests/e2e/l49-listen-restore-diagnosis.spec.js:93:3 › 草稿防护：未答完却停在完成页不能被恢复为本轮正确作答 (854ms)
  ✓   45 tests/e2e/l49-listen-restore-diagnosis.spec.js:93:3 › 草稿防护：未知草稿版本不能被恢复为本轮正确作答 (845ms)
  ✓   46 tests/e2e/l49-listen-restore-diagnosis.spec.js:130:3 › 旧主线第3题继续，旧三词已完成，12至14题必须等待本轮选择 (1.9s)
  ✓   47 tests/e2e/l49-listen-restore-diagnosis.spec.js:130:3 › 最小复现：旧主线第11题继续，仅旧三词草稿，12至14题必须等待本轮选择 (827ms)
  ✓   48 tests/e2e/l49-listen-restore-diagnosis.spec.js:130:3 › 对照：旧主线第11题继续，无旧三词与历史成绩，12至14题必须等待本轮选择 (862ms)
  ✓   49 tests/e2e/l49-listen-restore-diagnosis.spec.js:130:3 › 历史成绩回填：无三词草稿但有历史成绩，12至14题必须等待本轮选择 (814ms)
  ✓   50 tests/e2e/l49-listen-restore-diagnosis.spec.js:130:3 › 已经合并为14词的草稿仍含旧三词答案，12至14题必须等待本轮选择 (961ms)
  ✓   51 tests/e2e/l49-progress.spec.js:11:1 › Lesson 49 describes mixed listening choices as words, never meat (356ms)
  ✓   52 tests/e2e/l49-progress.spec.js:20:1 › Lesson 49 repairs legacy ratings and does not crash on negative values (386ms)
  ✓   53 tests/e2e/l49-progress.spec.js:49:1 › Lesson 49 rejects all-corrupt v2 ratings before certificate gating (402ms)
  ✓   54 tests/e2e/l49-progress.spec.js:76:1 › Lesson 49 keeps its locked certificate entry visible from zero stars (261ms)
  ✓   55 tests/e2e/l49-progress.spec.js:83:1 › Lesson 49 five one-star levels remain locked (347ms)
  ✓   56 tests/e2e/l49-progress.spec.js:93:1 › Lesson 49 gate guides partial progress and restores focus (491ms)
  ✓   57 tests/e2e/l49-progress.spec.js:114:1 › Lesson 49 certificate opens only when all five levels have three stars (1.2s)
  ✓   58 tests/e2e/l49-progress.spec.js:128:1 › Lesson 49 dialog, save, and print paths recheck live eligibility (2.5s)
  ✓   59 tests/e2e/l49-v110-defenses.spec.js:6:63 › 草稿防护：非布尔的已检查标记不能自动代答 (345ms)
  ✓   60 tests/e2e/l49-v110-defenses.spec.js:6:63 › 草稿防护：别轮答案不能自动代答 (320ms)
  ✓   61 tests/e2e/l49-v110-defenses.spec.js:6:63 › 草稿防护：跳过前题的答案不能自动代答 (316ms)
  ✓   62 tests/e2e/l49-v110-defenses.spec.js:6:63 › 草稿防护：提前完成不能自动代答 (922ms)
  ✓   63 tests/e2e/l49-v110-defenses.spec.js:27:1 › 键盘检查后焦点跟随继续，按 Enter 换题且整页不跳动 (424ms)
  ✓   64 tests/e2e/l49-v110-defenses.spec.js:43:35 › 320 宽度分拣四格与结束操作不溢出，手机主次按钮同宽 (1.7s)
  ✓   65 tests/e2e/l49-v110-defenses.spec.js:43:35 › 768 宽度分拣四格与结束操作不溢出，手机主次按钮同宽 (1.7s)
  ✓   66 tests/e2e/l49-v110-defenses.spec.js:43:35 › 1280 宽度分拣四格与结束操作不溢出，手机主次按钮同宽 (1.7s)
  ✓   67 tests/e2e/l49-v110-defenses.spec.js:66:1 › 订单听辨真实播放到结束才允许检查，实际请求的是 a pound of mince 录音 (2.8s)
  ✓   68 tests/e2e/l49-v110-defenses.spec.js:83:1 › 320 窄屏长误选反馈不裁掉开头或结尾 (1.7s)
  ✓   69 tests/e2e/l49-v110.spec.js:7:42 › 逐题复核 第一人称：12 条反馈与题稿逐字一致 (1.7s)
  ✓   70 tests/e2e/l49-v110.spec.js:7:42 › 逐题复核 第二人称：12 条反馈与题稿逐字一致 (1.7s)
  ✓   71 tests/e2e/l49-v110.spec.js:7:42 › 逐题复核 第三人称单数：12 条反馈与题稿逐字一致 (1.6s)
  ✓   72 tests/e2e/l49-v110.spec.js:7:42 › 逐题复核 第三人称复数：12 条反馈与题稿逐字一致 (1.7s)
  ✓   73 tests/e2e/l49-v110.spec.js:20:1 › 全错仍可继续回练，间隔题再错进入待练，刷新后保留首答与回练进度 (2.9s)
  ✓   74 tests/e2e/l49-v110.spec.js:42:1 › 间隔题再次答错，不能从待练集合消失；连点检查和继续不跳题 (1.9s)
  ✓   75 tests/e2e/l49-v110.spec.js:64:1 › 分拣四类别：必须手动选择和检查，误选有具体解释，继续后清空上一题 (519ms)
  ✓   76 tests/e2e/l49-v110.spec.js:89:1 › 12 张关系图均可见；390 窄屏中提示、反馈、长题目和完成按钮保持稳定 (3.5s)
  ✓   77 tests/e2e/l49-v110.spec.js:130:1 › 同批文案：按原文、句子结构和真实交接状态解释，不作超出证据的判断 (4.4s)
  ✓   78 tests/e2e/l49-v110.spec.js:202:1 › 刷新保留本题选择、反馈和分开的辅助记录；旧题草稿及星星不能代答 (1.2s)
  ✓   79 tests/e2e/l49-v110.spec.js:237:1 › 末题答错：先隔两道不同题，再回练；最后反馈后才能完成并保留首答分数 (1.9s)
  ✓   80 tests/e2e/l49-v12.spec.js:23:1 › 点击词卡即可朗读并翻面，键盘等价，快速点读只保留当前词 (479ms)
  ✓   81 tests/e2e/l49-v12.spec.js:45:1 › 最后一组词卡提供开始听辨，刷新后仍可一步进入第一题 (651ms)
  ✓   82 tests/e2e/l49-v12.spec.js:64:1 › 检查答案时播放对应反馈音，选择、提示、重试、继续和恢复保持安静 (737ms)
  ✓   83 tests/e2e/l49-v12.spec.js:92:1 › 最后一题先响正确音，手动完成后才响完成音，重新进入和刷新不重播 (1.6s)
  ✓   84 tests/e2e/l49-v12.spec.js:124:1 › 主语分拣也有正误和完成音，答案反馈停留到手动继续 (2.1s)
  ✓   85 tests/e2e/l49-v12.spec.js:146:1 › mutton hotpot 点读加载本地录音并真实播放到结束，不调用系统朗读 (3.3s)
  ✓   86 tests/e2e/l49-v12.spec.js:167:1 › 课堂投屏入口和独立页面均已移除，学生课程正常打开 (557ms)
  ✓   87 tests/e2e/l49-v12.spec.js:178:1 › 课文最后一句听完后等待手动完成，只在完成动作播放完成音 (1.0s)
  ✓   88 tests/e2e/l49-v12.spec.js:196:1 › 领取证书播放同款完成音，关闭和恢复保持安静 (1.4s)
  ✓   89 tests/e2e/l49-v12.spec.js:209:1 › 三种反馈录音都能由浏览器真实播放到结束 (7.2s)
  ✓   90 tests/e2e/l49-v12.spec.js:236:1 › 听辨选项不朗读，旧反馈结束不充当听完新单词，音效失败仍可继续 (669ms)
  ✓   91 tests/e2e/l49-v12.spec.js:267:3 › give 的正确作答使用统一反馈音 (382ms)
  ✓   92 tests/e2e/l49-v12.spec.js:267:3 › either 的正确作答使用统一反馈音 (382ms)
  ✓   93 tests/e2e/l49-v12.spec.js:267:3 › fill 的正确作答使用统一反馈音 (394ms)
  ✓   94 tests/e2e/l49-v12.spec.js:267:3 › choice 的正确作答使用统一反馈音 (615ms)
  ✓   95 tests/e2e/l49-v12.spec.js:267:3 › trans 的正确作答使用统一反馈音 (476ms)
  ✓   96 tests/e2e/l49-v13.spec.js:8:1 › 五关十四个舞台连续展开，顶部导航只定位且标记当前关卡 (1.6s)
  ✓   97 tests/e2e/l49-v13.spec.js:29:1 › 词卡按6／6／5分组，末组可明确前往听音寻宝，刷新保留位置 (660ms)
  ✓   98 tests/e2e/l49-v13.spec.js:50:3 › 1280宽度下检查、重试、下一题不移动整页，选项位置稳定 (671ms)
  ✓   99 tests/e2e/l49-v13.spec.js:50:3 › 768宽度下检查、重试、下一题不移动整页，选项位置稳定 (642ms)
  ✓  100 tests/e2e/l49-v13.spec.js:50:3 › 390宽度下检查、重试、下一题不移动整页，选项位置稳定 (620ms)
  ✓  101 tests/e2e/l49-v13.spec.js:81:1 › 刷新书签仍定位原活动；手机紧凑导航能定位五关 (1.0s)
  ✓  102 tests/e2e/l49-v13.spec.js:94:1 › 五个锦囊按需展开，浏览不算作答；怎么玩和学徒手记可关闭 (519ms)
  ✓  103 tests/e2e/l49-v13.spec.js:109:1 › 直接操作另一个舞台会中止旧朗读，键盘点词也更新继续上次的位置 (447ms)
  ✓  104 tests/e2e/l49-v13.spec.js:128:1 › 完成后下一站出现在当前舞台，重练时恢复未作答状态 (1.8s)
  ✓  105 tests/e2e/l49-v13.spec.js:147:1 › 旧版四张分组的草稿迁移到同一个词，新组可往返且再次刷新不重复迁移 (879ms)
  ✓  106 tests/e2e/l49-v13.spec.js:160:1 › 桌面与手机舞台截图，所有词卡翻面文字都在卡内 (1.9s)
  ✓  107 tests/e2e/l49-v14.spec.js:42:1 › 听音寻宝连续14词，末题先反馈，完成返回后能从第一词重练 (6.4s)
  ✓  108 tests/e2e/l49-v14.spec.js:88:1 › 旧11词完成和3词草稿合并，未提交选择、提示及已得星星可以恢复 (798ms)
  ✓  109 tests/e2e/l49-v14.spec.js:121:1 › 大喇叭配四张图文选项，真实听完才能提交，答后卡片位置稳定 (649ms)
  ✓  110 tests/e2e/l49-v14.spec.js:162:3 › 320 完成页两个操作相邻居中，桌面次左主右、手机主上次下 (420ms)
  ✓  111 tests/e2e/l49-v14.spec.js:162:3 › 768 完成页两个操作相邻居中，桌面次左主右、手机主上次下 (466ms)
  ✓  112 tests/e2e/l49-v14.spec.js:162:3 › 1280 完成页两个操作相邻居中，桌面次左主右、手机主上次下 (463ms)
  ✓  113 tests/e2e/l49-v14.spec.js:197:1 › 词卡、短语与相关帮助不暴露来源分类，图义和点读保留 (740ms)
  ✓  114 tests/e2e/l49-v14.spec.js:223:1 › 课文播放和恢复使用按钮状态，正常听完不插入说明句 (562ms)
  ✓  115 tests/e2e/l49-v14.spec.js:242:1 › 旧轮重练草稿优先于历史成绩，未作答的新题不会被历史答案填满 (2.2s)
  ✓  116 tests/e2e/l49-v14.spec.js:274:1 › 旧三词最后一题的正确反馈在升级后仍等待手动完成 (382ms)
  ✓  117 tests/e2e/l49-v14.spec.js:294:3 › 320 图文选项保持两列，正误反馈与下一题不挪动选项或整页 (701ms)
  ✓  118 tests/e2e/l49-v14.spec.js:294:3 › 768 图文选项保持两列，正误反馈与下一题不挪动选项或整页 (776ms)
  ✓  119 tests/e2e/l49-v14.spec.js:294:3 › 1280 图文选项保持两列，正误反馈与下一题不挪动选项或整页 (776ms)
  ✓  120 tests/e2e/l49-v14.spec.js:329:1 › 14个词从大喇叭加载本地录音并真实结束，完成后可以重练 (22.4s)
  ✓  121 tests/e2e/l49-v15.spec.js:28:1 › 听音删除无效线索，重试和刷新不恢复它，其他活动保留实质提示 (785ms)
  ✓  122 tests/e2e/l49-v15.spec.js:53:44 › 1280宽度的上一组保留完整按钮轮廓，往返分组不挪动整页 (652ms)
  ✓  123 tests/e2e/l49-v15.spec.js:53:44 › 768宽度的上一组保留完整按钮轮廓，往返分组不挪动整页 (629ms)
  ✓  124 tests/e2e/l49-v15.spec.js:53:44 › 390宽度的上一组保留完整按钮轮廓，往返分组不挪动整页 (596ms)
  ✓  125 tests/e2e/l49-v15.spec.js:53:44 › 320宽度的上一组保留完整按钮轮廓，往返分组不挪动整页 (604ms)
  ✓  126 tests/e2e/l49-v15.spec.js:85:1 › 历史句可点读并高亮，打断当前句或晚到的音频结束不会误推进 (664ms)
  ✓  127 tests/e2e/l49-v15.spec.js:124:1 › 逐句中文开关互不影响，也不会误触句子朗读 (617ms)
  ✓  128 tests/e2e/l49-v15.spec.js:146:1 › 中途离开和刷新恢复对白，未听完的当前句仍需重听，取消播放不留高亮 (695ms)
  ✓  129 tests/e2e/l49-v15.spec.js:171:1 › 十一句完成后保留全部对白，刷新保持静音，显式重演从第一句累积并保留奖励 (1.1s)
  ✓  130 tests/e2e/l49-v15.spec.js:203:3 › 1280宽度中对白持续累积与中文展开只影响内部滚动，整页和按钮稳定 (1.3s)
  ✓  131 tests/e2e/l49-v15.spec.js:203:3 › 768宽度中对白持续累积与中文展开只影响内部滚动，整页和按钮稳定 (1.2s)
  ✓  132 tests/e2e/l49-v15.spec.js:203:3 › 320宽度中对白持续累积与中文展开只影响内部滚动，整页和按钮稳定 (1.2s)
  ✓  133 tests/e2e/l49-v15.spec.js:239:1 › 历史句录音失败后可直接重试，不影响已听完的当前句继续 (485ms)
  ✓  134 tests/e2e/l49-v16.spec.js:43:1 › 双人舞台保留站位，检查正确后才显示对应食物 (431ms)
  ✓  135 tests/e2e/l49-v16.spec.js:62:1 › 播放失败可重试且不阻塞答题，离开后迟到录音不污染新场景 (539ms)
  ✓  136 tests/e2e/l49-v16.spec.js:89:1 › 三句情境台词播放对应本地录音到真实结束，不借用近似台词或合成兜底 (8.7s)
  ✓  137 tests/e2e/l49-v16.spec.js:111:1 › 阅读即可作答，错答和未检查选择不进入舞台，换题停止旧朗读 (764ms)
  ✓  138 tests/e2e/l49-v17-actions.spec.js:71:31 › 1280 宽度逐站完成、重练与导航，所有结束操作集中对齐 (22.8s)
  ✓  139 tests/e2e/l49-v17-actions.spec.js:71:31 › 390 宽度逐站完成、重练与导航，所有结束操作集中对齐 (20.6s)
  ✓  140 tests/e2e/l49-v17-actions.spec.js:127:1 › 320 窄屏全页按钮不横溢出，词卡成对，证书操作按主次分组 (2.9s)
  ✓  141 tests/e2e/l49-v17.spec.js:22:1 › 作答卡组与操作区在舞台中线，灯泡线索具有完整按钮轮廓 (335ms)
  ✓  142 tests/e2e/l49-v17.spec.js:61:1 › 先看三个问题再听课文，完整听过并手动完成才开放故事作答 (2.1s)
  ✓  143 tests/e2e/l49-v17.spec.js:88:1 › 统一五题都有明确题干，未选不检查，末题反馈后手动完成 (1.2s)
  ✓  144 tests/e2e/l49-v17.spec.js:121:49 › 320 宽度灯泡紧邻检查按钮，线索就近展开且不挤动操作 (1.5s)
  ✓  145 tests/e2e/l49-v17.spec.js:121:49 › 390 宽度灯泡紧邻检查按钮，线索就近展开且不挤动操作 (1.6s)
  ✓  146 tests/e2e/l49-v17.spec.js:121:49 › 600 宽度灯泡紧邻检查按钮，线索就近展开且不挤动操作 (1.6s)
  ✓  147 tests/e2e/l49-v17.spec.js:121:49 › 768 宽度灯泡紧邻检查按钮，线索就近展开且不挤动操作 (1.6s)
  ✓  148 tests/e2e/l49-v17.spec.js:121:49 › 1280 宽度灯泡紧邻检查按钮，线索就近展开且不挤动操作 (1.8s)
  ✓  149 tests/e2e/l49-v17.spec.js:166:1 › 旧角色草稿和历史成绩不预填新题，旧星星保留，新草稿静音续练 (1.8s)
  ✓  150 tests/e2e/l49-v17.spec.js:232:1 › 辅助操作有按钮轮廓，课文点读气泡有喇叭，折叠内容有展开标记 (522ms)
  ✓  151 tests/e2e/l49-v18.spec.js:28:1 › 问话线索统一为检查左侧灯泡，展开、检查、重试与刷新保持稳定 (1.0s)
  ✓  152 tests/e2e/l49-v18.spec.js:86:35 › 320 宽度九个活动统一灯泡，提示可读且刷新不预选、不播放 (4.2s)
  ✓  153 tests/e2e/l49-v18.spec.js:86:35 › 768 宽度九个活动统一灯泡，提示可读且刷新不预选、不播放 (4.1s)
  ✓  154 tests/e2e/l49-v18.spec.js:86:35 › 1280 宽度九个活动统一灯泡，提示可读且刷新不预选、不播放 (4.5s)
  ✓  155 tests/e2e/l49-v18.spec.js:127:1 › 词块题用线索后仍需手动拼装，记录提示后完成，下一题和重练清空线索 (1.0s)
  ✓  156 tests/e2e/l49-v18.spec.js:150:1 › 挑战灯泡不绕过听完门槛，暂停和刷新仍保留线索而不自动作答 (790ms)
  ✓  157 tests/e2e/l49-v19.spec.js:13:1 › 拼句使用紧凑词块，选中后原位留空，点击句中词块直接撤回 (538ms)
  ✓  158 tests/e2e/l49-v19.spec.js:42:1 › 词块未拼完整时不能检查，撤回后重新等待完整句子，末题仍需手动完成 (1.0s)
  ✓  159 tests/e2e/l49-v19.spec.js:67:1 › 刷新与重试保留候选词块原位置，未完成草稿仍由孩子拼完整 (670ms)
  ✓  160 tests/e2e/l49-v19.spec.js:108:39 › 320 宽度全部五道拼句：乱序也不裁切词块，选词及正误反馈不推移操作区 (3.9s)
  ✓  161 tests/e2e/l49-v19.spec.js:108:39 › 600 宽度全部五道拼句：乱序也不裁切词块，选词及正误反馈不推移操作区 (3.9s)
  ✓  162 tests/e2e/l49-v19.spec.js:108:39 › 768 宽度全部五道拼句：乱序也不裁切词块，选词及正误反馈不推移操作区 (4.0s)
  ✓  163 tests/e2e/l49-v19.spec.js:108:39 › 1280 宽度全部五道拼句：乱序也不裁切词块，选词及正误反馈不推移操作区 (4.0s)
  ✓  164 tests/e2e/l49-v19.spec.js:146:1 › v1.8 旧拼句草稿恢复已选词和线索，历史成绩不代答下一题 (817ms)

  164 passed (5.7m)
