✔ all live order tiles omit punctuation while source sentences keep it (7.772667ms)
✔ the route renders every chapter without section paging controls (14.15775ms)
✔ grading emits one feedback sound and resuming does not replay it (43.085958ms)
✔ story character choices retain one feedback message without a picture-card footer (30.347375ms)
✔ main practice and challenge distinguish retry, correct, completion and repeated events (12.246958ms)
✔ placement plays answer feedback first and the result sound only after manual continue (263.087083ms)
✔ identical visible words are interchangeable in the original order activity (3.1165ms)
✔ punctuation removal preserves old placement verdicts while accepting equal words in new answers (64.793333ms)
✔ the complete authored catalog round-trips with every value and order intact (967.738291ms)
✔ transport distinguishes strings, references, primitives and special object keys (3.056416ms)
✔ corrupt transport fails closed instead of substituting incomplete course data (1.178167ms)
✔ course-package manifest validation rejects unsafe, duplicate, and unaccounted entries (18.144917ms)
✔ cold preparation verifies every byte before one atomic activation (34.56175ms)
✔ an interrupted install retains verified files and resumes without downloading them again (3.074583ms)
✔ a corrupt response cannot activate and a clean retry replaces only that asset (2.075209ms)
✔ a revision reuses unchanged verified bytes and keeps the old active package until switch (2.334375ms)
✔ same-version warm preparation performs a manifest verdict without asset network misses (1.18975ms)
✔ a corrupt active cache is rehashed and repaired in a separate cache before pointer switch (2.856708ms)
✔ offline reopen uses only the matching fully verified manifest and shell (3.395541ms)
✔ course-package service worker parses bounded and suffix byte ranges (1.0725ms)
✔ cached audio can satisfy a real Range request without touching the network (15.930917ms)
✔ navigation has a verified offline fallback while manifest and install checks bypass cache (0.81275ms)
✔ an active legacy placement retains its sample when future questions are appended (244.461666ms)
✔ a historical wrong answer is not regraded using an expanded answer policy (219.490209ms)
✔ adding assessment metadata preserves original result evidence (257.152417ms)
✔ reviewed translations apply to early challenges and placement without forgiving grammar errors (0.4705ms)
✔ migration first preserves the original bytes outside the primary record (169.463542ms)
✔ corrupt records offer export and explicit scoped recovery, preserving corrupt bytes (2.769042ms)
✔ restoration detects a different raw record written while confirmation is open (1.182834ms)
✔ placement point selections journal small durable drafts without rewriting course progress (8.057208ms)
✔ grammar pilot uses new IDs and distinguishes selection, transfer and delayed retrieval (4.057083ms)
✔ a correct sentence task can continue when optional reference audio fails (80.166959ms)
✔ wrong challenge answers survive correction and enter next-day review without mainline credit (114.483666ms)
✔ an ongoing old placement is archived without scoring it as a new test (117.497ms)
✔ two tabs cannot silently replace each other’s journal (5.856542ms)
✔ a failed independent migration backup never overwrites the original record (110.277708ms)
✔ pilot prerequisite skills appear in a wide placement while the 20-question rule is retained (5.95375ms)
✔ v1 grading and sampling contracts remain immutable across later releases (4.981209ms)
✔ unknown placement answer policies fail validation without crashing record recovery (197.667709ms)
✔ the light presentation view is immutable while full exports remain isolated copies (3.14575ms)
✔ pilot selections preserve the actual diagnostic and routes novel sentences to later review (97.957416ms)
✔ a pilot challenge error recalls a new sentence of the same grammar skill (80.891167ms)
✔ malformed new error histories and selection drafts reach record recovery without throwing (3.582625ms)
✔ a grandfathered completed node can earn its new tap evidence (229.576125ms)
✔ concurrent native audio requests fetch one full recording and cache only verified bytes (22.495625ms)
✔ a corrupt cached recording is repaired; a corrupt download is rejected without poisoning the cache (2.461792ms)
✔ an active deferred-media release fails closed when its pinned index is absent or corrupt (4.527ms)
✔ a manifest cannot name an unverified media index (10.65025ms)
✔ concurrent and warm media requests share one verified index per activation identity (2.745541ms)
✔ challenge answer contract accepts presentation variants but rejects changed language (374.826084ms)
✔ all optional challenges complete without changing the main route or review evidence (266610.3345ms)
✔ draft, mistakes and hints survive refresh and never become independent evidence (137.184417ms)
✔ scoped reset requires confirmation, keeps main progress, supports undo and persists across refresh (175.449625ms)
✔ damaged challenge records are rejected without crashing the course loader (125.065708ms)
✔ resetting one challenge preserves every other challenge and allows starting at zero (623.120959ms)
✔ full reset writes an empty current record, cannot reimport old progress or erase unrelated data (76.354292ms)
✔ failed resets do not claim success; retries and stale-tab conflicts keep saved data intact (187.6445ms)
✔ continuous course ships matching catalog, HTML digest and bytes for every dependency (592.643125ms)
✔ all fifty lessons complete through actual runtime actions, with every original dialogue once (181173.041333ms)
✔ imports original V3.6 results and story proof without modifying the old record (35.850333ms)
✔ manual teaching cards persist only ended recordings and recover after refresh (168.54925ms)
✔ new story advances only after ended audio and a manual continue, and restores the next turn (144.09975ms)
✔ cross-lesson review is limited, does not duplicate a target, and preserves initial results (215711.260125ms)
✔ reference listening supports pause, retry, and contact without awarding completion (8.673291ms)
✔ wrong answer and hint survive refresh without turning supported work into independent work (302.725458ms)
✔ missing or changed textbook lines and non-cat actors are rejected (293.21275ms)
✔ every completed node returns through its visible primary action to the path (254296.115167ms)
✔ completion rejects a direct next-node event until the learner returns to the map (37.97525ms)
✔ paired Lesson sections and exact review coverage stay visible without changing node identities (30.184459ms)
✔ journey previews and tabs are read-only and locked previews cannot start a later lesson (25.952334ms)
✔ journey reports real heard evidence without treating reference listening as lesson completion (16.262458ms)
✔ all roadmap titles remain inspectable and the current node is uniquely identified (1983.587833ms)
✔ a partly heard story shows Continue while keeping its node incomplete (12.954625ms)
✔ suit and school keep their reviewed imagegen originals, prompts and runtime bindings (2.893292ms)
✔ umbrella scene uses the reviewed imagegen set, with inward facing cats and distinct patterned props (167.006458ms)
✔ the opening waits for a click, reveals only the current line and never advances on audio ending (5.624958ms)
✔ all seven original lines are singly triggered and each of the three decisions pauses the same story (6.342291ms)
✔ a history replay cannot reveal or complete the current line, including after a failed replay and retry (0.999292ms)
✔ stale endings, pause, autoplay blocking and playback errors never count as a completed story line (0.408709ms)
✔ both complete cats stay in the story; handing over uses the cast instead of duplicate character cards (3.728209ms)
✔ learning surfaces omit redundant instruction, mode paragraphs, mascot headings and slow controls (21.839125ms)
✔ word-bank dialogue withholds the answer and continuation, then plays both only after checking (9.483792ms)
✔ the page plays original recordings at native speed, stops stale media and advances story only on clicks (58.116958ms)
✔ all three vocabulary groups play one original word per tap with no automatic next word (4.786625ms)
✔ leaving cards cancels playback without crediting stale endings or failed audio (0.634167ms)
✔ retired speed actions cannot start or switch audio and active sources contain no slow variant (0.310167ms)
✔ standalone preview serves the same home and all verified dependencies (5879.457292ms)
✔ standalone preview redirects retired pages without exposing old code or repository files (384.088125ms)
✔ standalone preview supports native audio range and HEAD requests (756.803542ms)
✔ rapid taps on every teaching group queue explicit choices and persist every real ending once (640.34075ms)
✔ repeated rapid taps do not restart or duplicate the current and queued words (1.864084ms)
✔ queued words wait through pause and failed audio, then stop when leaving the activity (1.113458ms)
✔ a failed save pauses the queue and retry resumes only after evidence is persisted (1.81725ms)
✔ the home release contains one HTML page and the verified course dependency closure (470.769708ms)
✔ the release refuses changed or untracked input instead of labelling it as HEAD (142.561834ms)
✔ the release refuses an authored catalog that has not been repackaged (1348.946458ms)
✔ foundation uses picture choice and word banks with no editable answers (10.904083ms)
✔ every skip destination has 20 unique, bounded questions; wide jumps cover the skipped range (168.710084ms)
✔ fifth mistake stops grading, shows feedback, and waits for continue; duplicate actions consume no lives (84.962166ms)
✔ fixed questions, current draft, feedback and mistakes survive leave and refresh (37.092333ms)
✔ four mistakes may pass only after all 20 responses; skipping never fabricates learned evidence (342.102209ms)
✔ reset scopes and undo preserve the distinction between placement and regular challenges (333.193ms)
✔ saving the final answer must succeed before unlocking; stale tabs cannot overwrite an attempt (268.502375ms)
✔ damaged or fabricated placement responses are rejected without touching stored progress (21.170625ms)
✔ current chapter cannot be skipped, and opening an invitation does not mutate the learner record (14.497333ms)
✔ each run measures only its own work and finishes at 100 percent (255942.628125ms)
✔ resuming a story counts remaining beats; references do not masquerade as a lesson (13.440375ms)
✔ settlement measures this visit, freezes time, excludes hidden time and resets on replay (74.816792ms)
✔ wrong and helped answers break the streak; resumed history is not awarded again (51.859208ms)
✔ settlement is shown only after durable completion, and saving twice cannot award twice (25.051792ms)
✔ tap challenge resumes only remaining questions and assisted answers are not a streak (206.089292ms)
✔ memory: a missing record starts at revision zero with no value (0.958791ms)
✔ memory: a commit persists the next revision and makes it loadable (0.754459ms)
✔ memory: a stale expected revision conflicts without overwriting (0.099709ms)
✔ memory: values are isolated from caller and result references (0.129125ms)
✔ localStorage: a missing record starts at revision zero with no value (0.096167ms)
✔ localStorage: a commit persists the next revision and makes it loadable (0.082708ms)
✔ localStorage: a stale expected revision conflicts without overwriting (0.086083ms)
✔ localStorage: values are isolated from caller and result references (0.074291ms)
✔ both adapters report a malformed revision envelope as corrupt (0.116791ms)
✔ expected revision zero safely replaces a corrupt record (0.351917ms)
✔ localStorage read failure is explicit and does not escape (0.128583ms)
✔ localStorage write failure never reports a permanent effect (0.1385ms)
✔ a silently ignored localStorage write is not reported as committed (0.077291ms)
✔ localStorage commit stops when the current revision cannot be read (0.058083ms)
✔ invalid JSON is corrupt and can be repaired from revision zero (0.078125ms)
✔ large migrated progress keeps exact history and all recovery copies within the storage budget (117.83625ms)
✔ learner notes keep language explanations separate from authoring and implementation instructions (1.880416ms)
✔ original first-50 hashes remain intact beneath the explicitly reviewed v6.1 changes (39.998708ms)
✔ new authoring has continuous pairs, complete original stories and correct post-test PDF page offsets (75.485958ms)
✔ new recordings keep full natural utterances, explicit pronunciations and original first-50 audio addresses (20.7415ms)
✔ typed challenges accept reviewed relative clauses, contractions and clock variants but reject grammar changes (3.082792ms)
✔ written answers distinguish auxiliary contractions from main verbs and modal complements (7.654542ms)
✔ a finished first-50 record survives upgrade and resumes at Lesson 51 without inventing progress (30841.151291ms)
✔ a blank targets a whole word instead of matching his inside This (8.293667ms)
✔ all 72 textbook pairs have original text, teaching, retrieval and an optional tap challenge (134.517917ms)
✔ the six-lesson catalog and its learner identity remain unchanged when the course expands (320.754625ms)
✔ expansion preserves a six-lesson reset backup and restores it without inventing new progress (24.409042ms)
✔ source completeness, scene identity and lesson-pair bounds are enforced on expanded content (470.70575ms)
✔ all current student question banks exclude free text and keep every old target mapped (162.186542ms)
✔ every live tap activity can be completed through actions and records supported capabilities (184.631291ms)
✔ all challenge definitions score through the same structural contract; arbitrary text is rejected (2.585666ms)
✔ multi-select, duplicate tokens, repair and mission enforce their authored boundaries (1.043917ms)
✔ old typed progress is backed up, archived and resumes without relocking or fabricated new evidence (32.331291ms)
✔ placement still fails on the fifth wrong response and counts a question only once (35.020333ms)
✔ retired tabs cannot overwrite a journal after the primary record advances (0.268ms)
✔ each placement range retains three available mechanisms and live prompts never request writing (313.722084ms)
✔ replaying a paired recording preserves its match and explains incomplete listening after restore (1.202916ms)
✔ grading a picture preserves every option identity, position and heard reference with changing random values (232.258958ms)
✔ final correct answer waits for manual continue, including reload (280.732834ms)
✔ final incorrect answer waits for manual continue, including reload (115.8575ms)
✔ placement persists foreground time, excludes background and offline gaps, freezes on the last grade (378.867458ms)
✔ legacy completed attempts retain their verdict without inventing a duration (8.737708ms)
✔ saving time on visibility changes retains a selected draft and reload excludes time away (45.850542ms)
✔ background time remains excluded while a placement draft save is waiting for retry (17.796542ms)
✔ visual release gate fails closed on errors, missing screens, missing widths and ineffective negative controls (7884.597791ms)
✔ browser proof is required and expires when any public asset or browser checker changes (4035.649792ms)
ℹ tests 157
ℹ suites 0
ℹ pass 157
ℹ fail 0
ℹ cancelled 0
ℹ skipped 0
ℹ todo 0
ℹ duration_ms 656145.722959
