
Running 36 tests using 1 worker

(node:63447) Warning: The 'NO_COLOR' env is ignored due to the 'FORCE_COLOR' env being set.
(Use `node --trace-warnings ...` to show where the warning was created)


[1/36] tests/e2e/unit13-14-exam.spec.js:5:1 › 13–14 十题综合覆盖，声音不可用、重试与提示不代答，末三题刷新仍需本人完成
[2/36] tests/e2e/unit13-14-exam.spec.js:16:39 › 320 挑战十题选项与五词块完整，灯泡及结果不移动操作
[3/36] tests/e2e/unit13-14-exam.spec.js:16:39 › 390 挑战十题选项与五词块完整，灯泡及结果不移动操作
[4/36] tests/e2e/unit13-14-exam.spec.js:16:39 › 768 挑战十题选项与五词块完整，灯泡及结果不移动操作
[5/36] tests/e2e/unit13-14-exam.spec.js:16:39 › 1280 挑战十题选项与五词块完整，灯泡及结果不移动操作
[6/36] tests/e2e/unit13-14-layout.spec.js:6:39 › 320 各站完整、无横向溢出，帮助返回焦点，所有资源加载
[7/36] tests/e2e/unit13-14-layout.spec.js:6:39 › 390 各站完整、无横向溢出，帮助返回焦点，所有资源加载
[8/36] tests/e2e/unit13-14-layout.spec.js:6:39 › 768 各站完整、无横向溢出，帮助返回焦点，所有资源加载
[9/36] tests/e2e/unit13-14-layout.spec.js:6:39 › 1280 各站完整、无横向溢出，帮助返回焦点，所有资源加载
[10/36] tests/e2e/unit13-14-layout.spec.js:20:1 › 320 窄屏21张词卡展开后字义和音标不裁切，图册双色物品完整可辨
[11/36] tests/e2e/unit13-14-layout.spec.js:34:31 › 320 灯泡位于检查左边，反馈不推移操作，结束按钮为居中的主次双按钮
[12/36] tests/e2e/unit13-14-layout.spec.js:34:31 › 1280 灯泡位于检查左边，反馈不推移操作，结束按钮为居中的主次双按钮
[13/36] tests/e2e/unit13-14-layout.spec.js:52:1 › 390短屏阅读内部滚动，下一句与重新上演同行，展开中文不移动推进按钮
[14/36] tests/e2e/unit13-14-layout.spec.js:66:1 › 词块可撤回、键盘操作、刷新续填；错序不能过关，新题不继承答案
[15/36] tests/e2e/unit13-14-scene.spec.js:4:1 › 13–14 上楼后展示裙子、再拿出帽子，刷新与重演恢复真实分镜
[16/36] tests/e2e/unit13-14-scene.spec.js:17:1 › 13–14 十幅配色图逐页展示，最后一页可直接进入拼句
[17/36] tests/e2e/unit13-14-scene.spec.js:25:39 › 320 对白在上方、人物和道具在同一地面，中文不裁切且操作稳定
[18/36] tests/e2e/unit13-14-scene.spec.js:25:39 › 390 对白在上方、人物和道具在同一地面，中文不裁切且操作稳定
[19/36] tests/e2e/unit13-14-scene.spec.js:25:39 › 768 对白在上方、人物和道具在同一地面，中文不裁切且操作稳定
[20/36] tests/e2e/unit13-14-scene.spec.js:25:39 › 1280 对白在上方、人物和道具在同一地面，中文不裁切且操作稳定
[21/36] tests/e2e/unit13-14-state.spec.js:9:1 › 挑战错答与提示分别记账，暂停刷新保留选择，不提前发证
[22/36] tests/e2e/unit13-14-state.spec.js:22:1 › 正误和完成反馈音实际播放结束，任何英语声音请求和系统朗读均未发生
[23/36] tests/e2e/unit13-14-state.spec.js:44:1 › lesson路径阻断全部声音仍可完整通关和领证，各单元与根路径记录互不串用
[24/36] tests/e2e/unit13-14-state.spec.js:57:1 › 首页续学、同一位置继续冒险、重开取消与确认均遵守网站路径隔离
[25/36] tests/e2e/unit13-14-state.spec.js:74:1 › 更新一道理解题只失效对应活动，不清除词卡位置、其他练习和拼句草稿
[26/36] tests/e2e/unit13-14-state.spec.js:87:1 › 关闭JavaScript首页仍提供新单元真实链接
[27/36] tests/e2e/unit13-14-upgrade.spec.js:17:1 › 13–14 两题旧挑战完成后保留有效题，新增题亲自补完才重新领证
[28/36] tests/e2e/unit13-14-upgrade.spec.js:40:1 › 13–14 整课准备后，首次与断网复访翻词卡和剧情换物都没有加载闪屏
[29/36] tests/e2e/unit13-14-upgrade.spec.js:65:1 › 13–14 旧草稿只是选择，升级、暂停与刷新都不代为判对
[30/36] tests/e2e/unit13-14-upgrade.spec.js:79:1 › 13–14 缓存版断网刷新保留新增题的未提交词块，下一题仍为空
[31/36] tests/e2e/unit13-14-upgrade.spec.js:94:1 › 13–14 完成整课加载后，刷新对白仍展示已读的最后一句
[32/36] tests/e2e/unit13-14.spec.js:6:1 › 完整保留十幅配色图、A五组合句与B十二组问答，静态阅读和A4练习纸均无需配音
[33/36] tests/e2e/unit13-14.spec.js:32:1 › 配套练习无需任何配音，34题与完整原文通关，领取并导出准确的课堂证书
[34/36] tests/e2e/unit13-14.spec.js:59:1 › 从首页进入新衣配色屋，21张音标词卡可翻义翻页，全程不调用英语配音
[35/36] tests/e2e/unit13-14.spec.js:87:1 › 17个新词各一次，错答可改，最后三题刷新不代答，重练清本轮并保留星星
[36/36] tests/e2e/unit13-14.spec.js:116:1 › 无音频时逐句读完13句原文，历史中文可展开，刷新续读且看完才解锁理解题
  36 passed (1.5m)
