
Running 27 tests using 1 worker

(node:90760) Warning: The 'NO_COLOR' env is ignored due to the 'FORCE_COLOR' env being set.
(Use `node --trace-warnings ...` to show where the warning was created)


[1/27] tests/e2e/unit29-30-layout.spec.js:6:39 › 320 各站完整、无横向溢出，帮助返回焦点，所有资源加载
[2/27] tests/e2e/unit29-30-layout.spec.js:6:39 › 390 各站完整、无横向溢出，帮助返回焦点，所有资源加载
[3/27] tests/e2e/unit29-30-layout.spec.js:6:39 › 768 各站完整、无横向溢出，帮助返回焦点，所有资源加载
[4/27] tests/e2e/unit29-30-layout.spec.js:6:39 › 1280 各站完整、无横向溢出，帮助返回焦点，所有资源加载
[5/27] tests/e2e/unit29-30-layout.spec.js:20:1 › 320 窄屏30张词卡展开后字义和音标不裁切，图册成对对比完整可辨
[6/27] tests/e2e/unit29-30-layout.spec.js:34:31 › 320 灯泡位于检查左边，反馈不推移操作，结束按钮为居中的主次双按钮
[7/27] tests/e2e/unit29-30-layout.spec.js:34:31 › 1280 灯泡位于检查左边，反馈不推移操作，结束按钮为居中的主次双按钮
[8/27] tests/e2e/unit29-30-layout.spec.js:52:1 › 390短屏阅读内部滚动，下一句与从头看同行，展开中文不移动推进按钮
[9/27] tests/e2e/unit29-30-layout.spec.js:66:1 › 词块可撤回、键盘操作、刷新续填；错序不能过关，新题不继承答案
[10/27] tests/e2e/unit29-30-layout.spec.js:78:1 › 320 最后一道长拼句和挑战选项完整可读，不因完成上一题而预选
[11/27] tests/e2e/unit29-30-layout.spec.js:89:1 › 四种宽度全部拼句的词块完整可见，选取与撤回不推移检查按钮
[12/27] tests/e2e/unit29-30-state.spec.js:8:1 › 挑战错答与提示分别记账，暂停刷新保留选择，不提前发证
[13/27] tests/e2e/unit29-30-state.spec.js:21:1 › 正误和完成反馈音实际播放结束，任何英语声音请求和系统朗读均未发生
[14/27] tests/e2e/unit29-30-state.spec.js:43:1 › lesson路径阻断全部声音仍可完整通关和领证，各单元与根路径记录互不串用
[15/27] tests/e2e/unit29-30-state.spec.js:56:1 › 首页续学、同一位置继续冒险、重开取消与确认均遵守网站路径隔离
[16/27] tests/e2e/unit29-30-state.spec.js:73:1 › 更新一道理解题只失效对应活动，不清除词卡位置、其他练习和拼句草稿
[17/27] tests/e2e/unit29-30-state.spec.js:86:1 › 关闭JavaScript首页仍提供新单元真实链接
[18/27] tests/e2e/unit29-30-state.spec.js:91:1 › 保存失败如实提示，恢复存储后可重试，刷新仍保留真实作答
[19/27] tests/e2e/unit29-30.spec.js:4:1 › 首页新单元从整理小图鉴开始，音标可见
[20/27] tests/e2e/unit29-30.spec.js:11:1 › 全部声音失败仍完成23题和完整原文，15星后保存真实证书，刷新保留日期
[21/27] tests/e2e/unit29-30.spec.js:25:1 › 证书长名字在三种窄屏中完整，实际保存图片与单元主题一致
[22/27] tests/e2e/unit29-30.spec.js:40:1 › 证书空名字有友好称呼，插图加载失败不假保存，恢复后可重试
[23/27] tests/e2e/unit29-30.spec.js:46:1 › 10道词义题连续错答只重试，最后三题刷新不会代答，重练不重复计星
[24/27] tests/e2e/unit29-30.spec.js:56:1 › 原文9句逐句保留，按原角色呈现，主动完成后才解锁理解
[25/27] tests/e2e/unit29-30.spec.js:68:1 › 30张词卡完整音标、翻义、加载、五组翻页与末组续学
[26/27] tests/e2e/unit29-30.spec.js:93:1 › 35图项、A三题和B完整搭配库保留，十一句不设唯一答案，打印有足够书写空间
[27/27] tests/e2e/unit29-30.spec.js:109:1 › 支架按语境释义，图选同等可读，错答不泄露正确状态
  27 passed (1.0m)
