
Running 30 tests using 1 worker

(node:90384) Warning: The 'NO_COLOR' env is ignored due to the 'FORCE_COLOR' env being set.
(Use `node --trace-warnings ...` to show where the warning was created)


[1/30] tests/e2e/unit21-22-layout.spec.js:6:39 › 320 各站完整、无横向溢出，帮助返回焦点，所有资源加载
[2/30] tests/e2e/unit21-22-layout.spec.js:6:39 › 390 各站完整、无横向溢出，帮助返回焦点，所有资源加载
[3/30] tests/e2e/unit21-22-layout.spec.js:6:39 › 768 各站完整、无横向溢出，帮助返回焦点，所有资源加载
[4/30] tests/e2e/unit21-22-layout.spec.js:6:39 › 1280 各站完整、无横向溢出，帮助返回焦点，所有资源加载
[5/30] tests/e2e/unit21-22-layout.spec.js:20:1 › 320 窄屏36张词卡展开后字义和音标不裁切，图册成对对比完整可辨
[6/30] tests/e2e/unit21-22-layout.spec.js:34:31 › 320 灯泡位于检查左边，反馈不推移操作，结束按钮为居中的主次双按钮
[7/30] tests/e2e/unit21-22-layout.spec.js:34:31 › 1280 灯泡位于检查左边，反馈不推移操作，结束按钮为居中的主次双按钮
[8/30] tests/e2e/unit21-22-layout.spec.js:52:1 › 390短屏阅读内部滚动，下一句与重新上演同行，展开中文不移动推进按钮
[9/30] tests/e2e/unit21-22-layout.spec.js:66:1 › 词块可撤回、键盘操作、刷新续填；错序不能过关，新题不继承答案
[10/30] tests/e2e/unit21-22-layout.spec.js:78:1 › 两个 one? 词块独立选取撤回，刷新不会替孩子补选
[11/30] tests/e2e/unit21-22-layout.spec.js:86:1 › 320 最后一道长拼句和挑战选项完整可读，不因完成上一题而预选
[12/30] tests/e2e/unit21-22-layout.spec.js:97:1 › 成对比较图的画布上沿和尺寸一致，不因说明换行而上下错位
[13/30] tests/e2e/unit21-22-layout.spec.js:105:1 › 四种宽度全部拼句的词块完整可见，选取与撤回不推移检查按钮
[14/30] tests/e2e/unit21-22-state.spec.js:8:1 › 挑战错答与提示分别记账，暂停刷新保留选择，不提前发证
[15/30] tests/e2e/unit21-22-state.spec.js:21:1 › 正误和完成反馈音实际播放结束，任何英语声音请求和系统朗读均未发生
[16/30] tests/e2e/unit21-22-state.spec.js:43:1 › lesson路径阻断全部声音仍可完整通关和领证，各单元与根路径记录互不串用
[17/30] tests/e2e/unit21-22-state.spec.js:56:1 › 首页续学、同一位置继续冒险、重开取消与确认均遵守网站路径隔离
[18/30] tests/e2e/unit21-22-state.spec.js:73:1 › 更新一道理解题只失效对应活动，不清除词卡位置、其他练习和拼句草稿
[19/30] tests/e2e/unit21-22-state.spec.js:86:1 › 关闭JavaScript首页仍提供新单元真实链接
[20/30] tests/e2e/unit21-22-state.spec.js:91:1 › 保存失败如实提示，恢复存储后可重试，刷新仍保留真实作答
[21/30] tests/e2e/unit21-22.spec.js:4:1 › 导航进入寻物交接站，先看音标词卡，整卡翻义无需配音
[22/30] tests/e2e/unit21-22.spec.js:17:1 › 所有声音不可用仍完成26题与8段原文，领取并导出课堂证书
[23/30] tests/e2e/unit21-22.spec.js:30:1 › 14题各有依据，连续错答不泄题，最后三题刷新不代答，重练不重复计星
[24/30] tests/e2e/unit21-22.spec.js:40:1 › 原文8段与两次确认完整保留，人物准确，主动完成末段才解锁
[25/30] tests/e2e/unit21-22.spec.js:51:1 › 36张完整音标词卡可翻义，图片加载，末组有下一站且刷新保留页码
[26/30] tests/e2e/unit21-22.spec.js:61:1 › 16幅图、五种接收者、A六题与B八组完整，实际打印为一张A4
[27/30] tests/e2e/unit21-22.spec.js:76:1 › one随先行词理解，her区分接收者与所属，近义大小词不互斥
[28/30] tests/e2e/unit21-22.spec.js:81:1 › 证书长名字在三种窄屏中完整，实际保存图片与单元主题一致
[29/30] tests/e2e/unit21-22.spec.js:96:1 › 证书空名字有友好称呼，插图加载失败不假保存，恢复后可重试
[30/30] tests/e2e/unit21-22.spec.js:102:1 › 证书长名字在资源较慢时仍生成实际图片
  30 passed (1.2m)
