
Running 29 tests using 1 worker

(node:90455) Warning: The 'NO_COLOR' env is ignored due to the 'FORCE_COLOR' env being set.
(Use `node --trace-warnings ...` to show where the warning was created)


[1/29] tests/e2e/unit23-24-layout.spec.js:6:39 › 320 各站完整、无横向溢出，帮助返回焦点，所有资源加载
[2/29] tests/e2e/unit23-24-layout.spec.js:6:39 › 390 各站完整、无横向溢出，帮助返回焦点，所有资源加载
[3/29] tests/e2e/unit23-24-layout.spec.js:6:39 › 768 各站完整、无横向溢出，帮助返回焦点，所有资源加载
[4/29] tests/e2e/unit23-24-layout.spec.js:6:39 › 1280 各站完整、无横向溢出，帮助返回焦点，所有资源加载
[5/29] tests/e2e/unit23-24-layout.spec.js:20:1 › 320 窄屏30张词卡展开后字义和音标不裁切，图册成对对比完整可辨
[6/29] tests/e2e/unit23-24-layout.spec.js:34:31 › 320 灯泡位于检查左边，反馈不推移操作，结束按钮为居中的主次双按钮
[7/29] tests/e2e/unit23-24-layout.spec.js:34:31 › 1280 灯泡位于检查左边，反馈不推移操作，结束按钮为居中的主次双按钮
[8/29] tests/e2e/unit23-24-layout.spec.js:52:1 › 390短屏阅读内部滚动，下一句与重新上演同行，展开中文不移动推进按钮
[9/29] tests/e2e/unit23-24-layout.spec.js:66:1 › 词块可撤回、键盘操作、刷新续填；错序不能过关，新题不继承答案
[10/29] tests/e2e/unit23-24-layout.spec.js:78:1 › 320 最后一道长拼句和挑战选项完整可读，不因完成上一题而预选
[11/29] tests/e2e/unit23-24-layout.spec.js:89:1 › 位置图画布上沿和尺寸一致，不因说明换行而上下错位
[12/29] tests/e2e/unit23-24-layout.spec.js:97:40 › 正常字体：四种宽度全部拼句的词块完整可见，选取与撤回不推移检查按钮
[13/29] tests/e2e/unit23-24-layout.spec.js:97:40 › 字体不可用：四种宽度全部拼句的词块完整可见，选取与撤回不推移检查按钮
[14/29] tests/e2e/unit23-24-state.spec.js:8:1 › 挑战错答与提示分别记账，暂停刷新保留选择，不提前发证
[15/29] tests/e2e/unit23-24-state.spec.js:21:1 › 正误和完成反馈音实际播放结束，任何英语声音请求和系统朗读均未发生
[16/29] tests/e2e/unit23-24-state.spec.js:43:1 › lesson路径阻断全部声音仍可完整通关和领证，各单元与根路径记录互不串用
[17/29] tests/e2e/unit23-24-state.spec.js:56:1 › 首页续学、同一位置继续冒险、重开取消与确认均遵守网站路径隔离
[18/29] tests/e2e/unit23-24-state.spec.js:73:1 › 更新一道理解题只失效对应活动，不清除词卡位置、其他练习和拼句草稿
[19/29] tests/e2e/unit23-24-state.spec.js:86:1 › 关闭JavaScript首页仍提供新单元真实链接
[20/29] tests/e2e/unit23-24-state.spec.js:91:1 › 保存失败如实提示，恢复存储后可重试，刷新仍保留真实作答
[21/29] tests/e2e/unit23-24.spec.js:6:1 › 首页新单元从房间小图鉴开始，显示本课音标
[22/29] tests/e2e/unit23-24.spec.js:12:1 › 全部声音失败仍完成26题和完整原文，15星后保存真实证书，刷新保留日期
[23/29] tests/e2e/unit23-24.spec.js:25:1 › 15道词义题连续错答不泄题，末三题刷新不代答，重练不重复计星
[24/29] tests/e2e/unit23-24.spec.js:35:1 › 原文8段完整、历史句可回看、中文按句展开，主动完成末段才解锁理解
[25/29] tests/e2e/unit23-24.spec.js:47:1 › 30张完整音标词卡可翻义，图片加载，末组有下一站且刷新保留页码
[26/29] tests/e2e/unit23-24.spec.js:59:1 › 十幅位置图、五种接收者、A六题与B十组完整，实际打印为一张A4
[27/29] tests/e2e/unit23-24.spec.js:71:1 › 学习材料正确区分some数量、ones回指、位置关系，图片选项有同等可读描述
[28/29] tests/e2e/unit23-24.spec.js:82:1 › 证书长名字在三种窄屏中完整，实际保存图片与单元主题一致
[29/29] tests/e2e/unit23-24.spec.js:97:1 › 证书空名字有友好称呼，插图加载失败不假保存，恢复后可重试
  29 passed (1.1m)
