
Running 40 tests using 1 worker

(node:83240) Warning: The 'NO_COLOR' env is ignored due to the 'FORCE_COLOR' env being set.
(Use `node --trace-warnings ...` to show where the warning was created)
  ✓   1 tests/e2e/course-cache-updates.spec.js:11:1 › 固定 10 Mbps 与 150 毫秒环境记录首次点课到完整画面的耗时 (10.2s)
  ✓   2 tests/e2e/course-cache-updates.spec.js:81:1 › 完整缓存 20 次复访恢复可操作位置并记录实际耗时 (20.5s)
  ✓   3 tests/e2e/course-image-transitions.spec.js:35:65 › unit1-2 390 词卡往返不隐藏课程、不展示加载层或半张图 (3.4s)
  ✓   4 tests/e2e/course-image-transitions.spec.js:35:65 › unit3-4 390 词卡往返不隐藏课程、不展示加载层或半张图 (4.1s)
  ✓   5 tests/e2e/course-image-transitions.spec.js:35:65 › unit5-6 390 词卡往返不隐藏课程、不展示加载层或半张图 (3.5s)
  ✓   6 tests/e2e/course-image-transitions.spec.js:35:65 › unit5-6 1280 词卡往返不隐藏课程、不展示加载层或半张图 (3.4s)
  ✓   7 tests/e2e/course-image-transitions.spec.js:35:65 › unit7-8 390 词卡往返不隐藏课程、不展示加载层或半张图 (3.3s)
  ✓   8 tests/e2e/course-image-transitions.spec.js:35:65 › unit29-30 390 词卡往返不隐藏课程、不展示加载层或半张图 (4.5s)
  ✓   9 tests/e2e/course-image-transitions.spec.js:35:65 › unit49-50 390 词卡往返不隐藏课程、不展示加载层或半张图 (6.0s)
  ✓  10 tests/e2e/course-image-transitions.spec.js:60:3 › 会话降级 › 存储被禁用时，已准备的词卡仍能离线切换且不闪加载层 (763ms)
  ✓  11 tests/e2e/course-loading.spec.js:35:57 › 404 失败留在准备页，重试复用好文件后进入原章节 (1.8s)
  ✓  12 tests/e2e/course-loading.spec.js:35:57 › html 失败留在准备页，重试复用好文件后进入原章节 (1.8s)
  ✓  13 tests/e2e/course-loading.spec.js:35:57 › corrupt 失败留在准备页，重试复用好文件后进入原章节 (1.8s)
  ✓  14 tests/e2e/course-loading.spec.js:35:57 › font 失败留在准备页，重试复用好文件后进入原章节 (2.3s)
  ✓  15 tests/e2e/course-loading.spec.js:70:27 › home 完整准备后显示原有课程，必需资源无缺项 (959ms)
  ✓  16 tests/e2e/course-loading.spec.js:70:27 › unit1-2 完整准备后显示原有课程，必需资源无缺项 (535ms)
  ✓  17 tests/e2e/course-loading.spec.js:70:27 › unit11-12 完整准备后显示原有课程，必需资源无缺项 (950ms)
  ✓  18 tests/e2e/course-loading.spec.js:70:27 › unit13-14 完整准备后显示原有课程，必需资源无缺项 (939ms)
  ✓  19 tests/e2e/course-loading.spec.js:70:27 › unit15-16 完整准备后显示原有课程，必需资源无缺项 (983ms)
  ✓  20 tests/e2e/course-loading.spec.js:70:27 › unit17-18 完整准备后显示原有课程，必需资源无缺项 (969ms)
  ✓  21 tests/e2e/course-loading.spec.js:70:27 › unit19-20 完整准备后显示原有课程，必需资源无缺项 (958ms)
  ✓  22 tests/e2e/course-loading.spec.js:70:27 › unit21-22 完整准备后显示原有课程，必需资源无缺项 (969ms)
  ✓  23 tests/e2e/course-loading.spec.js:70:27 › unit23-24 完整准备后显示原有课程，必需资源无缺项 (965ms)
  ✓  24 tests/e2e/course-loading.spec.js:70:27 › unit25-26 完整准备后显示原有课程，必需资源无缺项 (951ms)
  ✓  25 tests/e2e/course-loading.spec.js:70:27 › unit27-28 完整准备后显示原有课程，必需资源无缺项 (962ms)
  ✓  26 tests/e2e/course-loading.spec.js:70:27 › unit29-30 完整准备后显示原有课程，必需资源无缺项 (951ms)
  ✓  27 tests/e2e/course-loading.spec.js:70:27 › unit3-4 完整准备后显示原有课程，必需资源无缺项 (920ms)
  ✓  28 tests/e2e/course-loading.spec.js:70:27 › unit49-50 完整准备后显示原有课程，必需资源无缺项 (925ms)
  ✓  29 tests/e2e/course-loading.spec.js:70:27 › unit5-6 完整准备后显示原有课程，必需资源无缺项 (977ms)
  ✓  30 tests/e2e/course-loading.spec.js:70:27 › unit7-8 完整准备后显示原有课程，必需资源无缺项 (941ms)
  ✓  31 tests/e2e/course-loading.spec.js:70:27 › unit9-10 完整准备后显示原有课程，必需资源无缺项 (938ms)
  ✓  32 tests/e2e/course-loading.spec.js:70:27 › lesson49 完整准备后显示原有课程，必需资源无缺项 (2.5s)
  ✓  33 tests/e2e/course-loading.spec.js:70:27 › lesson50 完整准备后显示原有课程，必需资源无缺项 (2.1s)
  ✓  34 tests/e2e/course-loading.spec.js:70:27 › lesson51 完整准备后显示原有课程，必需资源无缺项 (2.0s)
  ✓  35 tests/e2e/course-loading.spec.js:70:27 › lesson52 完整准备后显示原有课程，必需资源无缺项 (2.0s)
  ✓  36 tests/e2e/course-loading.spec.js:70:27 › lesson53 完整准备后显示原有课程，必需资源无缺项 (2.0s)
  ✓  37 tests/e2e/course-loading.spec.js:70:27 › lesson54 完整准备后显示原有课程，必需资源无缺项 (2.0s)
  ✓  38 tests/e2e/course-loading.spec.js:70:27 › soundmark 完整准备后显示原有课程，必需资源无缺项 (2.0s)
  ✓  39 tests/e2e/course-loading.spec.js:84:1 › 整课的手提包尚未准备好时留在加载页，准备好后完整进入指定章节 (996ms)
  ✓  40 tests/e2e/course-loading.spec.js:103:1 › 准备过的无配音课断网刷新后恢复词卡位置，后续图片仍完整 (1.5s)

  40 passed (1.7m)
