
Running 37 tests using 1 worker

(node:33254) Warning: The 'NO_COLOR' env is ignored due to the 'FORCE_COLOR' env being set.
(Use `node --trace-warnings ...` to show where the warning was created)
  ✓   1 tests/e2e/unit7-8-audio.spec.js:7:37 › I 词卡保留音标和释义，翻面与刷新不请求配音：/ (1.0s)
  ✓   2 tests/e2e/unit7-8-audio.spec.js:7:37 › I 词卡保留音标和释义，翻面与刷新不请求配音：/lesson (2.0s)
  ✓   3 tests/e2e/unit7-8-classroom.spec.js:32:1 › 课文无配音也能浏览全部原文、刷新续读并主动完成 (1.4s)
  ✓   4 tests/e2e/unit7-8-classroom.spec.js:60:1 › 单词寻宝以13个新词的词义和图片作答，不需播放且末题刷新不代答 (2.0s)
  ✓   5 tests/e2e/unit7-8-classroom.spec.js:98:1 › 图鉴和示范供阅读，挑战读英文作答，正误反馈音仍正常 (6.5s)
  ✓   6 tests/e2e/unit7-8-classroom.spec.js:134:1 › lesson 路径全部声音不可用时仍能完成32题、浏览原文并领取证书 (6.9s)
  ✓   7 tests/e2e/unit7-8-classroom.spec.js:181:1 › 旧配音中断的位置可续读，未改练习与选择保留，旧听辨不代答 (3.9s)
  ✓   8 tests/e2e/unit7-8-classroom.spec.js:214:1 › 旧15星不填满新词汇和阅读挑战，其他活动保留，重做后可领新版证书 (53.1s)
  ✓   9 tests/e2e/unit7-8-classroom.spec.js:256:1 › 27题旧课堂记录升级重答新her题和七道新增挑战，保留合并题、词块、姓名，重练不能再导入 (5.6s)
  ✓  10 tests/e2e/unit7-8-classroom.spec.js:270:1 › 人物资源未齐先等待，整课准备后离线阅读与词卡换组完整且不闪加载 (1.9s)
  ✓  11 tests/e2e/unit7-8-exam.spec.js:8:1 › 十题综合挑战逐项作答，冠词与缩写确实需要选择，错答和线索保留独立记录 (1.8s)
  ✓  12 tests/e2e/unit7-8-exam.spec.js:55:1 › 三题旧挑战通关升级只保留真实三题，新增七题未答，补完才恢复证书 (5.1s)
  ✓  13 tests/e2e/unit7-8-exam.spec.js:81:1 › 旧未提交选择升级仍是草稿，新增拼句刷新与暂停不代答 (728ms)
  ✓  14 tests/e2e/unit7-8-exam.spec.js:101:44 › 320 十题长题干、词块和末题操作完整，灯泡与检查区稳定 (2.5s)
  ✓  15 tests/e2e/unit7-8-exam.spec.js:101:44 › 390 十题长题干、词块和末题操作完整，灯泡与检查区稳定 (2.5s)
  ✓  16 tests/e2e/unit7-8-exam.spec.js:101:44 › 768 十题长题干、词块和末题操作完整，灯泡与检查区稳定 (2.5s)
  ✓  17 tests/e2e/unit7-8-exam.spec.js:101:44 › 1280 十题长题干、词块和末题操作完整，灯泡与检查区稳定 (2.5s)
  ✓  18 tests/e2e/unit7-8-exam.spec.js:140:1 › 整课包离线刷新仍是十题，当前新题未提交不计分 (929ms)
  ✓  19 tests/e2e/unit7-8-layout.spec.js:4:31 › 320 无配音课文翻句时按钮稳定，看图选词完整可见 (828ms)
  ✓  20 tests/e2e/unit7-8-layout.spec.js:4:31 › 1280 无配音课文翻句时按钮稳定，看图选词完整可见 (864ms)
  ✓  21 tests/e2e/unit7-8-layout.spec.js:21:39 › 320 各站无横向溢出、图标完整，双人人名不挤入对白 (671ms)
  ✓  22 tests/e2e/unit7-8-layout.spec.js:21:39 › 390 各站无横向溢出、图标完整，双人人名不挤入对白 (765ms)
  ✓  23 tests/e2e/unit7-8-layout.spec.js:21:39 › 768 各站无横向溢出、图标完整，双人人名不挤入对白 (675ms)
  ✓  24 tests/e2e/unit7-8-layout.spec.js:21:39 › 1280 各站无横向溢出、图标完整，双人人名不挤入对白 (795ms)
  ✓  25 tests/e2e/unit7-8-layout.spec.js:32:1 › 22 张词卡窄屏正反面不裁切音标或解释，最后一组主动进入单词寻宝 (1.7s)
  ✓  26 tests/e2e/unit7-8-layout.spec.js:46:31 › 320 灯泡在检查左边，错答、提示和结束操作不乱跳 (587ms)
  ✓  27 tests/e2e/unit7-8-layout.spec.js:46:31 › 1280 灯泡在检查左边，错答、提示和结束操作不乱跳 (609ms)
  ✓  28 tests/e2e/unit7-8-layout.spec.js:54:1 › 词块可撤回、键盘重组，刷新保留草稿，下一题不继承答案 (670ms)
  ✓  29 tests/e2e/unit7-8-layout.spec.js:60:31 › 390 档案跟随原文、人物与对白错开、完成前不提前填职业 (953ms)
  ✓  30 tests/e2e/unit7-8-layout.spec.js:60:31 › 1280 档案跟随原文、人物与对白错开、完成前不提前填职业 (856ms)
  ✓  31 tests/e2e/unit7-8-layout.spec.js:74:1 › 参考答案在对应活动完成后才展示，her题的选择对象准确 (1.1s)
  ✓  32 tests/e2e/unit7-8.spec.js:5:1 › 从词卡开始，浏览16句并完成32题后才获得15星课堂配套证书 (5.9s)
  ✓  33 tests/e2e/unit7-8.spec.js:24:1 › 首页继续定位与旧 be、trans 书签衔接到合并活动 (2.3s)
  ✓  34 tests/e2e/unit7-8.spec.js:32:1 › 纸笔练习保留 Written A 三组与 B 十组，明确人物并实际打印一张 A4 (346ms)
  ✓  35 tests/e2e/unit7-8.spec.js:38:1 › 挑战暂停保留选择，记录区分独立、提示和修正；不提前发证 (1.4s)
  ✓  36 tests/e2e/unit7-8.spec.js:43:1 › 内容升版只重置变动活动，不从旧题或历史成绩重新填答案 (343ms)
  ✓  37 tests/e2e/unit7-8.spec.js:50:1 › 首页重开包含新单元，取消保留、确认仅清除 lesson 路径记录 (4.7s)

  37 passed (2.2m)
