
Running 34 tests using 1 worker

(node:29001) Warning: The 'NO_COLOR' env is ignored due to the 'FORCE_COLOR' env being set.
(Use `node --trace-warnings ...` to show where the warning was created)
  ✓   1 tests/e2e/unit11-12-audio.spec.js:5:35 › unit11-12 词卡翻面、示范阅读和刷新都不请求英语配音 / (1.7s)
  ✓   2 tests/e2e/unit11-12-audio.spec.js:5:35 › unit11-12 词卡翻面、示范阅读和刷新都不请求英语配音 /lesson (1.8s)
  ✓   3 tests/e2e/unit11-12-layout.spec.js:4:1 › 单张示范卡在宽窄屏居中，打印填空至少留出 64 像素书写宽度 (303ms)
  ✓   4 tests/e2e/unit11-12-layout.spec.js:8:39 › 320 各站无横向溢出，图标和三人舞台完整，帮助关闭后返回焦点 (673ms)
  ✓   5 tests/e2e/unit11-12-layout.spec.js:8:39 › 390 各站无横向溢出，图标和三人舞台完整，帮助关闭后返回焦点 (746ms)
  ✓   6 tests/e2e/unit11-12-layout.spec.js:8:39 › 768 各站无横向溢出，图标和三人舞台完整，帮助关闭后返回焦点 (674ms)
  ✓   7 tests/e2e/unit11-12-layout.spec.js:8:39 › 1280 各站无横向溢出，图标和三人舞台完整，帮助关闭后返回焦点 (816ms)
  ✓   8 tests/e2e/unit11-12-layout.spec.js:18:1 › 18 张词卡在窄屏可翻面、读音标，末组刷新后仍有下一站 (1.4s)
  ✓   9 tests/e2e/unit11-12-layout.spec.js:24:31 › 320 灯泡在检查左边，反馈不推移操作，最后一题明确完成再结算 (651ms)
  ✓  10 tests/e2e/unit11-12-layout.spec.js:24:31 › 1280 灯泡在检查左边，反馈不推移操作，最后一题明确完成再结算 (643ms)
  ✓  11 tests/e2e/unit11-12-layout.spec.js:33:1 › 词块支持撤回和键盘；错序刷新不获正确，换题不继承已选词块 (521ms)
  ✓  12 tests/e2e/unit11-12-scene.spec.js:9:1 › 白衬衫等待本人确认再归还，蓝衬衫不提前出现，刷新和重演保持时序 (870ms)
  ✓  13 tests/e2e/unit11-12-scene.spec.js:24:1 › 手机对白占满一行，三人同地面，中文展开与刷新不丢当前句 (2.2s)
  ✓  14 tests/e2e/unit11-12-scene.spec.js:38:1 › 十二组认领档案一次展示一件，翻页完整并可直接下一站 (1.4s)
  ✓  15 tests/e2e/unit11-12-scene.spec.js:45:1 › Perhaps 题只在正确提交后记录先确认，不把猜测画成归还 (440ms)
  ✓  16 tests/e2e/unit11-12-upgrade.spec.js:16:1 › 23题旧课堂全部完成后升级保持15星、姓名和证书日期，重练不重新导入 (3.8s)
  ✓  17 tests/e2e/unit11-12-upgrade.spec.js:23:1 › 旧课堂未提交的选择和词块保留，不能变成正确答案 (363ms)
  ✓  18 tests/e2e/unit11-12-upgrade.spec.js:30:1 › 人物未齐不显示课件，整课加载后断网翻档案、翻词卡与刷新续读都完整 (1.4s)
  ✓  19 tests/e2e/unit11-12.spec.js:5:1 › 物主选项限定为教材已教的 my、your、his、her，不引入新结构 (148ms)
  ✓  20 tests/e2e/unit11-12.spec.js:8:1 › 从音标图鉴开始，浏览16句并完成23题才取得15星课堂配套证书 (5.8s)
  ✓  21 tests/e2e/unit11-12.spec.js:19:1 › 首页和 lesson 子目录进入新单元，独立恢复草稿并定位同一地址 (2.3s)
  ✓  22 tests/e2e/unit11-12.spec.js:26:1 › 纸笔保留教材 A 四题与 B 十二题，真实打印一张 A4 且每组有三行书写区 (371ms)
  ✓  23 tests/e2e/unit11-12.spec.js:33:1 › 挑战错答、提示、暂停刷新与独立作答分别记录，不提前发证 (633ms)
  ✓  24 tests/e2e/unit11-12.spec.js:38:1 › 内容升版只让改过的活动失效，另一个活动的草稿保留 (358ms)
  ✓  25 tests/e2e/unit11-12.spec.js:42:1 › 重开冒险包括新单元，取消保留而确认仅清理当前网站路径的记录 (8.0s)
  ✓  26 tests/e2e/unit11-12.spec.js:47:1 › 短屏单词练习末题与重练可操作，重练清本轮答案且保留已获星星 (1.7s)
  ✓  27 tests/e2e/units9-12-classroom.spec.js:37:27 › Lesson 11–12 无配音可逐句看完原文，刷新续读，中文独立展开 (1.1s)
  ✓  28 tests/e2e/units9-12-classroom.spec.js:65:27 › Lesson 11–12 图鉴只展开释义、图册供阅读，挑战读英文，正误音独立保留 (4.2s)
  ✓  29 tests/e2e/units9-12-classroom.spec.js:88:27 › Lesson 11–12 单词寻宝覆盖13个新词，读词义或看图作答，末题不自动选择 (1.6s)
  ✓  30 tests/e2e/units9-12-classroom.spec.js:116:27 › Lesson 11–12 lesson 路径全部声音失败仍可完成整课和领证，根路径记录独立 (4.2s)
  ✓  31 tests/e2e/units9-12-classroom.spec.js:137:27 › Lesson 11–12 旧录音中断可续读，保留词卡页、原练习与词块草稿 (3.5s)
  ✓  32 tests/e2e/units9-12-classroom.spec.js:169:27 › Lesson 11–12 旧15星升级保留9星，新题独立完成后再领课堂配套证书 (46.2s)
  ✓  33 tests/e2e/units9-12-classroom.spec.js:188:59 › Lesson 11–12 320 阅读控件不跳动，图片题和长词义选项完整 (2.0s)
  ✓  34 tests/e2e/units9-12-classroom.spec.js:188:59 › Lesson 11–12 1280 阅读控件不跳动，图片题和长词义选项完整 (2.1s)

  34 passed (1.8m)
