
Running 82 tests using 1 worker

(node:20184) Warning: The 'NO_COLOR' env is ignored due to the 'FORCE_COLOR' env being set.
(Use `node --trace-warnings ...` to show where the warning was created)
  ✓   1 tests/e2e/butcher-navigation.spec.js:4:1 › 首页直接进入组合单元，单课入口不需要经过城区地图 (1.9s)
  ✓   2 tests/e2e/butcher-navigation.spec.js:18:1 › 继续学习回到实际活动，组合单元不冒用单课星星且打开首页不改答题草稿 (307ms)
  ✓   3 tests/e2e/butcher-navigation.spec.js:36:1 › 旧返回地址展开对应单课，错误参数和损坏草稿仍可正常开始 (432ms)
  ✓   4 tests/e2e/butcher-navigation.spec.js:47:1 › 回到首页与浏览器返回都能继续刚才学习的关卡 (638ms)
  ✓   5 tests/e2e/butcher-navigation.spec.js:60:1 › 手机平板和桌面均可点击课程，图标完整且无横向溢出 (1.8s)
  ✓   6 tests/e2e/butcher-navigation.spec.js:79:1 › 关闭脚本仍能选择全部课程，键盘可以展开单课 (219ms)
  ✓   7 tests/e2e/butcher-navigation.spec.js:89:1 › 重开必须两次确认，取消保留单元记录，确认后不会恢复旧进度 (749ms)
  ✓   8 tests/e2e/lesson-deployment.spec.js:19:3 › lesson49 点击词卡、听题与答对音效都在子目录真实播放 (8.1s)
  ✓   9 tests/e2e/lesson-deployment.spec.js:19:3 › unit49-50 点击词卡、听题与答对音效都在子目录真实播放 (6.2s)
  ✓  10 tests/e2e/lesson-deployment.spec.js:45:1 › lesson 子目录直接显示导航，组合单元和返回导航都留在子目录 (916ms)
  ✓  11 tests/e2e/lesson-deployment.spec.js:64:1 › 每个课程入口和资源都留在 lesson 下，原版记录不被重开操作删除 (1.8s)
  ✓  12 tests/e2e/lesson-deployment.spec.js:96:1 › lesson 中走完整单元并下载新版证书，返回导航能继续学习 (7.9s)
  ✓  13 tests/e2e/lesson-deployment.spec.js:111:1 › 旧官网的根目录缓存不会阻止 lesson 录音，原生播放可以结束 (2.5s)
  ✓  14 tests/e2e/lesson-deployment.spec.js:128:1 › 手机 lesson 导航与单元没有横向溢出，旧首页入口返回新导航 (872ms)
  ✓  15 tests/e2e/retry-feedback.spec.js:7:1 › 只改线索保留已完成活动，内容版本变化不能沿用完成记录 (562ms)
  ✓  16 tests/e2e/retry-feedback.spec.js:23:35 › 旧分拣真实错答记录升级，已继续=false (604ms)
  ✓  17 tests/e2e/retry-feedback.spec.js:23:35 › 旧分拣真实错答记录升级，已继续=true (720ms)
  ✓  18 tests/e2e/retry-feedback.spec.js:39:3 › unit1-2 选择题错答只提示重试，改选后正常推进 (287ms)
  ✓  19 tests/e2e/retry-feedback.spec.js:39:3 › unit3-4 选择题错答只提示重试，改选后正常推进 (272ms)
  ✓  20 tests/e2e/retry-feedback.spec.js:39:3 › unit5-6 选择题错答只提示重试，改选后正常推进 (325ms)
  ✓  21 tests/e2e/retry-feedback.spec.js:39:3 › unit7-8 选择题错答只提示重试，改选后正常推进 (274ms)
  ✓  22 tests/e2e/retry-feedback.spec.js:39:3 › unit9-10 选择题错答只提示重试，改选后正常推进 (296ms)
  ✓  23 tests/e2e/retry-feedback.spec.js:39:3 › unit11-12 选择题错答只提示重试，改选后正常推进 (273ms)
  ✓  24 tests/e2e/retry-feedback.spec.js:39:3 › unit13-14 选择题错答只提示重试，改选后正常推进 (275ms)
  ✓  25 tests/e2e/retry-feedback.spec.js:39:3 › unit15-16 选择题错答只提示重试，改选后正常推进 (318ms)
  ✓  26 tests/e2e/retry-feedback.spec.js:39:3 › unit17-18 选择题错答只提示重试，改选后正常推进 (303ms)
  ✓  27 tests/e2e/retry-feedback.spec.js:39:3 › unit19-20 选择题错答只提示重试，改选后正常推进 (295ms)
  ✓  28 tests/e2e/retry-feedback.spec.js:39:3 › unit21-22 选择题错答只提示重试，改选后正常推进 (295ms)
  ✓  29 tests/e2e/retry-feedback.spec.js:39:3 › unit23-24 选择题错答只提示重试，改选后正常推进 (275ms)
  ✓  30 tests/e2e/retry-feedback.spec.js:39:3 › unit25-26 选择题错答只提示重试，改选后正常推进 (285ms)
  ✓  31 tests/e2e/retry-feedback.spec.js:39:3 › unit27-28 选择题错答只提示重试，改选后正常推进 (295ms)
  ✓  32 tests/e2e/retry-feedback.spec.js:39:3 › unit29-30 选择题错答只提示重试，改选后正常推进 (336ms)
  ✓  33 tests/e2e/retry-feedback.spec.js:39:3 › unit49-50 选择题错答只提示重试，改选后正常推进 (304ms)
  ✓  34 tests/e2e/retry-feedback.spec.js:39:3 › lesson49 选择题错答只提示重试，改选后正常推进 (345ms)
  ✓  35 tests/e2e/retry-feedback.spec.js:50:1 › 音标课答错只提示重试，原题改选可继续 (2.0s)
  ✓  36 tests/e2e/retry-feedback.spec.js:60:3 › lesson52 填空初始及错答均不把答案放在空格中，可连续重试 (3.5s)
  ✓  37 tests/e2e/retry-feedback.spec.js:60:3 › lesson53 填空初始及错答均不把答案放在空格中，可连续重试 (1.8s)
  ✓  38 tests/e2e/retry-feedback.spec.js:60:3 › lesson54 填空初始及错答均不把答案放在空格中，可连续重试 (3.4s)
  ✓  39 tests/e2e/retry-feedback.spec.js:71:1 › Lesson50 考核答错不标亮答案，不自动翻题，原题可以改选 (19.8s)
  ✓  40 tests/e2e/retry-feedback.spec.js:87:1 › Lesson50 快问快答不朗读正确答案或自动跳过错题 (11.9s)
  ✓  41 tests/e2e/retry-feedback.spec.js:103:1 › Lesson51 频率分拣答错不告知应该选哪个台阶 (2.5s)
  ✓  42 tests/e2e/retry-feedback.spec.js:112:1 › 没有独立线索的题目不把解析放进灯泡 (192ms)
  ✓  43 tests/e2e/retry-feedback.spec.js:117:1 › 拼句线索只给思考方向，不提供完整词序 (186ms)
  ✓  44 tests/e2e/retry-feedback.spec.js:123:44 › lesson49 分拣答错原题重试，刷新保留首次错误记录 (523ms)
  ✓  45 tests/e2e/retry-feedback.spec.js:123:44 › unit49-50 分拣答错原题重试，刷新保留首次错误记录 (409ms)
  ✓  46 tests/e2e/retry-feedback.spec.js:136:1 › Lesson13–14首次和连续答错只提示重试，刷新不泄题，改对后记录修正完成 (575ms)
  ✓  47 tests/e2e/unit49-50-certificate.spec.js:32:1 › 领奖后保留姓名与首次领取日，五关徽章、角色和真实 PNG 都可见 (7.4s)
  ✓  48 tests/e2e/unit49-50-certificate.spec.js:68:38 › 320 像素下长名字不越界，徽章可读，保存和关闭可操作 (1.5s)
  ✓  49 tests/e2e/unit49-50-certificate.spec.js:68:38 › 390 像素下长名字不越界，徽章可读，保存和关闭可操作 (1.4s)
  ✓  50 tests/e2e/unit49-50-certificate.spec.js:68:38 › 768 像素下长名字不越界，徽章可读，保存和关闭可操作 (1.4s)
  ✓  51 tests/e2e/unit49-50-certificate.spec.js:90:1 › 只打印奖状本身，保留名字、角色和徽章，A4 单页无操作按钮 (339ms)
  ✓  52 tests/e2e/unit49-50-certificate.spec.js:102:1 › 图像加载失败时提示重试；恢复后可保存，空名字有友好称呼 (7.2s)
  ✓  53 tests/e2e/unit49-50-certificate.spec.js:117:1 › 没有完成任务时只有待集齐徽章，不能领证，继续按钮到真实下一站 (333ms)
  ✓  54 tests/e2e/unit7-8-audio.spec.js:7:37 › I 词卡保留音标和释义，翻面与刷新不请求配音：/ (498ms)
  ✓  55 tests/e2e/unit7-8-audio.spec.js:7:37 › I 词卡保留音标和释义，翻面与刷新不请求配音：/lesson (817ms)
  ✓  56 tests/e2e/unit7-8-classroom.spec.js:32:1 › 课文无配音也能浏览全部原文、刷新续读并主动完成 (1.3s)
