
Running 29 tests using 1 worker

(node:21547) Warning: The 'NO_COLOR' env is ignored due to the 'FORCE_COLOR' env being set.
(Use `node --trace-warnings ...` to show where the warning was created)
  ✓   1 tests/e2e/unit7-8-audio.spec.js:7:37 › I 词卡保留音标和释义，翻面与刷新不请求配音：/ (802ms)
  ✓   2 tests/e2e/unit7-8-audio.spec.js:7:37 › I 词卡保留音标和释义，翻面与刷新不请求配音：/lesson (1.1s)
  ✓   3 tests/e2e/unit7-8-classroom.spec.js:32:1 › 课文无配音也能浏览全部原文、刷新续读并主动完成 (1.1s)
  ✓   4 tests/e2e/unit7-8-classroom.spec.js:60:1 › 单词寻宝以13个新词的词义和图片作答，不需播放且末题刷新不代答 (1.8s)
  ✓   5 tests/e2e/unit7-8-classroom.spec.js:98:1 › 图鉴和示范供阅读，挑战读英文作答，正误反馈音仍正常 (6.0s)
  ✓   6 tests/e2e/unit7-8-classroom.spec.js:134:1 › lesson 路径全部声音不可用时仍能完成25题、浏览原文并领取证书 (4.6s)
  ✓   7 tests/e2e/unit7-8-classroom.spec.js:181:1 › 旧配音中断的位置可续读，未改练习与选择保留，旧听辨不代答 (3.8s)
  ✓   8 tests/e2e/unit7-8-classroom.spec.js:214:1 › 旧15星不填满新词汇和阅读挑战，其他活动保留，重做后可领新版证书 (52.2s)
  ✓   9 tests/e2e/unit7-8-classroom.spec.js:256:1 › 27题旧课堂记录升级仅重答新her题，保留合并题、词块、姓名，重练不能再导入 (4.7s)
  ✓  10 tests/e2e/unit7-8-classroom.spec.js:270:1 › 人物资源未齐先等待，整课准备后离线阅读与词卡换组完整且不闪加载 (2.0s)
  ✓  11 tests/e2e/unit7-8-layout.spec.js:4:31 › 320 无配音课文翻句时按钮稳定，看图选词完整可见 (821ms)
  ✓  12 tests/e2e/unit7-8-layout.spec.js:4:31 › 1280 无配音课文翻句时按钮稳定，看图选词完整可见 (863ms)
  ✓  13 tests/e2e/unit7-8-layout.spec.js:21:39 › 320 各站无横向溢出、图标完整，双人人名不挤入对白 (660ms)
  ✓  14 tests/e2e/unit7-8-layout.spec.js:21:39 › 390 各站无横向溢出、图标完整，双人人名不挤入对白 (706ms)
  ✓  15 tests/e2e/unit7-8-layout.spec.js:21:39 › 768 各站无横向溢出、图标完整，双人人名不挤入对白 (656ms)
  ✓  16 tests/e2e/unit7-8-layout.spec.js:21:39 › 1280 各站无横向溢出、图标完整，双人人名不挤入对白 (806ms)
  ✓  17 tests/e2e/unit7-8-layout.spec.js:32:1 › 22 张词卡窄屏正反面不裁切音标或解释，最后一组主动进入单词寻宝 (1.7s)
  ✓  18 tests/e2e/unit7-8-layout.spec.js:46:31 › 320 灯泡在检查左边，错答、提示和结束操作不乱跳 (595ms)
  ✓  19 tests/e2e/unit7-8-layout.spec.js:46:31 › 1280 灯泡在检查左边，错答、提示和结束操作不乱跳 (609ms)
  ✓  20 tests/e2e/unit7-8-layout.spec.js:54:1 › 词块可撤回、键盘重组，刷新保留草稿，下一题不继承答案 (671ms)
  ✓  21 tests/e2e/unit7-8-layout.spec.js:60:31 › 390 档案跟随原文、人物与对白错开、完成前不提前填职业 (811ms)
  ✓  22 tests/e2e/unit7-8-layout.spec.js:60:31 › 1280 档案跟随原文、人物与对白错开、完成前不提前填职业 (836ms)
  ✓  23 tests/e2e/unit7-8-layout.spec.js:74:1 › 参考答案在对应活动完成后才展示，her题的选择对象准确 (1.1s)
  ✓  24 tests/e2e/unit7-8.spec.js:5:1 › 从词卡开始，浏览16句并完成25题后才获得15星课堂配套证书 (4.6s)
  ✓  25 tests/e2e/unit7-8.spec.js:24:1 › 首页继续定位与旧 be、trans 书签衔接到合并活动 (1.7s)
  ✓  26 tests/e2e/unit7-8.spec.js:32:1 › 纸笔练习保留 Written A 三组与 B 十组，明确人物并实际打印一张 A4 (359ms)
  ✓  27 tests/e2e/unit7-8.spec.js:38:1 › 挑战暂停保留选择，记录区分独立、提示和修正；不提前发证 (721ms)
  ✓  28 tests/e2e/unit7-8.spec.js:43:1 › 内容升版只重置变动活动，不从旧题或历史成绩重新填答案 (351ms)
  ✓  29 tests/e2e/unit7-8.spec.js:50:1 › 首页重开包含新单元，取消保留、确认仅清除 lesson 路径记录 (4.3s)

  29 passed (1.7m)
