
> canranstudio-duolingo-version@6.1.0 test:browser
> node scripts/run-browser-check.js

Answer feedback: stable images, visible feedback and isolated sound channel at five viewport sizes.
Placement feedback: changing random streams preserve images, scroll and completed listening.
Placement pool: six-question pass/fail, restored final feedback, matching chance art, and empty-bank invitation at four sizes.
420x856 正在检查 420 × 856 · placement-wide-question
906x801 正在检查 906 × 801 · placement-wide-question
320x568 正在检查 320 × 568 · placement-wide-question
1440x900 正在检查 1440 × 900 · placement-wide-question
420x856 正在检查 420 × 856 · reference-lesson131
1440x900 正在检查 1440 × 900 · reference-lesson131
906x801 正在检查 906 × 801 · reference-lesson129
320x568 正在检查 320 × 568 · reference-lesson126
906x801 正在检查 906 × 801 · tap-hint-town-return-handbag:tap
320x568 正在检查 320 × 568 · tap-hint-town-return-handbag:tap
420x856 正在检查 420 × 856 · tap-wrong-town-return-handbag:tap
1440x900 正在检查 1440 × 900 · correct-v3.5:complete-coat
906x801 正在检查 906 × 801 · story-line-C06:friends-first-11
420x856 正在检查 420 × 856 · story-line-C06:friends-first-10
320x568 正在检查 320 × 568 · story-line-C06:friends-first-10
1440x900 正在检查 1440 × 900 · activity-C06:friend-words:sound-pairs:tap
906x801 正在检查 906 × 801 · story-line-L07:story-3
420x856 正在检查 420 × 856 · story-two-lines
320x568 正在检查 320 × 568 · story-line-L07:story-2
1440x900 正在检查 1440 × 900 · activity-L07:story
420x856 正在检查 420 × 856 · activity-L07:order-2:tap
1440x900 正在检查 1440 × 900 · activity-L07:contrast
906x801 正在检查 906 × 801 · node-preview-L07-REVIEW
320x568 正在检查 320 × 568 · completion-return-L07-USE
906x801 正在检查 906 × 801 · activity-L09:examples
320x568 正在检查 320 × 568 · correct-L09:number-check-1
420x856 正在检查 420 × 856 · words-heard-L09:numbers-0
1440x900 正在检查 1440 × 900 · activity-L09:order-2:tap
320x568 正在检查 320 × 568 · words-queued-L11:numbers-0
1440x900 正在检查 1440 × 900 · map-current-26
906x801 正在检查 906 × 801 · completion-return-L11-WORDS-2
420x856 正在检查 420 × 856 · map-current-25
420x856 正在检查 420 × 856 · words-queued-L13-WORDS-1:teach-0
906x801 正在检查 906 × 801 · correct-L13-WORDS-2:hear
1440x900 正在检查 1440 × 900 · words-queued-L13:numbers-0
320x568 正在检查 320 × 568 · completion-return-L13-WORDS-1
906x801 正在检查 906 × 801 · activity-L15-WORDS-1:teach-0:sound-pairs:tap
320x568 正在检查 320 × 568 · correct-L15:story-check-18
1440x900 正在检查 1440 × 900 · activity-L15-WORDS-1:teach-0:sound-pairs:tap
420x856 正在检查 420 × 856 · story-line-L15:story-16
906x801 正在检查 906 × 801 · story-line-L17:story-14
320x568 正在检查 320 × 568 · story-line-L17:story-7
1440x900 正在检查 1440 × 900 · story-line-L17:story-14
420x856 正在检查 420 × 856 · node-preview-L17-STORY
906x801 正在检查 906 × 801 · story-line-L19:story-13
420x856 正在检查 420 × 856 · activity-L17:return
320x568 正在检查 320 × 568 · story-line-L19:story-3
1440x900 正在检查 1440 × 900 · story-line-L19:story-13
1440x900 正在检查 1440 × 900 · map-return
906x801 正在检查 906 × 801 · map-return
320x568 正在检查 320 × 568 · node-preview-L19-REVIEW
420x856 正在检查 420 × 856 · map-current-47
906x801 正在检查 906 × 801 · activity-L21:contrast
420x856 正在检查 420 × 856 · activity-L21-WORDS-3:hear
320x568 正在检查 320 × 568 · activity-L21:order-2:tap
1440x900 正在检查 1440 × 900 · activity-L21:transfer
906x801 正在检查 906 × 801 · activity-L23:meaning
420x856 正在检查 420 × 856 · map-current-57
1440x900 正在检查 1440 × 900 · activity-L23:meaning
320x568 正在检查 320 × 568 · activity-L23:gap-1
906x801 正在检查 906 × 801 · tap-correct-L25:order-2:tap
420x856 正在检查 420 × 856 · activity-L25-WORDS-1:teach-0:sound-pairs:tap
1440x900 正在检查 1440 × 900 · correct-L25:gap-3
320x568 正在检查 320 × 568 · map-current-63
320x568 正在检查 320 × 568 · words-queued-L27:examples-4
1440x900 正在检查 1440 × 900 · node-preview-L27-REVIEW
420x856 正在检查 420 × 856 · map-current-66
906x801 正在检查 906 × 801 · map-current-68
906x801 正在检查 906 × 801 · correct-L29:gap-3
320x568 正在检查 320 × 568 · words-queued-L29:examples
420x856 正在检查 420 × 856 · words-heard-L29-WORDS-1:teach-4
1440x900 正在检查 1440 × 900 · map-return
906x801 正在检查 906 × 801 · map-current-78
420x856 正在检查 420 × 856 · story-line-L31:story-10
320x568 正在检查 320 × 568 · activity-L31-WORDS-2:teach-0
1440x900 正在检查 1440 × 900 · map-current-78
906x801 正在检查 906 × 801 · activity-L33-WORDS-1:teach-0:sound-pairs:tap
420x856 正在检查 420 × 856 · activity-L31:transfer
1440x900 正在检查 1440 × 900 · words-queued-L33-WORDS-1:teach-4
320x568 正在检查 320 × 568 · activity-L33:story-check-10
906x801 正在检查 906 × 801 · story-line-L35:story-10
420x856 正在检查 420 × 856 · activity-L33:examples
320x568 正在检查 320 × 568 · story-line-L35:story-3
1440x900 正在检查 1440 × 900 · activity-L35:story
906x801 正在检查 906 × 801 · story-line-L37:story-0
420x856 正在检查 420 × 856 · words-queued-L35:numbers-0
1440x900 正在检查 1440 × 900 · map-current-92
320x568 正在检查 320 × 568 · activity-L35:extra-5
906x801 正在检查 906 × 801 · map-current-96
320x568 正在检查 320 × 568 · words-queued-L37:examples
420x856 正在检查 420 × 856 · map-current-93
1440x900 正在检查 1440 × 900 · map-return
906x801 正在检查 906 × 801 · activity-L39:order-2:tap
320x568 正在检查 320 × 568 · activity-L39:number-check-0
420x856 正在检查 420 × 856 · story-line-L39:story-8
1440x900 正在检查 1440 × 900 · words-queued-L39:examples
420x856 正在检查 420 × 856 · story-line-L41:story-3
320x568 正在检查 320 × 568 · activity-L41-WORDS-1:teach-0:sound-pairs:tap
1440x900 正在检查 1440 × 900 · words-heard-L41:numbers-0
906x801 正在检查 906 × 801 · map-current-105
420x856 正在检查 420 × 856 · activity-L41:return-gap
320x568 正在检查 320 × 568 · activity-L43:story-check-17
1440x900 正在检查 1440 × 900 · words-queued-L43:numbers-0
906x801 正在检查 906 × 801 · map-return
420x856 正在检查 420 × 856 · activity-L43:contrast
320x568 正在检查 320 × 568 · story-line-L45:story-14
1440x900 正在检查 1440 × 900 · words-queued-L45-WORDS-1:teach-4
906x801 正在检查 906 × 801 · node-preview-L45-WORDS-2
906x801 正在检查 906 × 801 · words-queued-L47-WORDS-1:teach-0
1440x900 正在检查 1440 × 900 · correct-L47:story-check-14
320x568 正在检查 320 × 568 · map-current-116
420x856 正在检查 420 × 856 · completion-return-L45-WORDS-2
906x801 正在检查 906 × 801 · story-line-L49:story-7
420x856 正在检查 420 × 856 · words-queued-L47-WORDS-2:teach-0
1440x900 正在检查 1440 × 900 · story-line-L49:story-2
320x568 正在检查 320 × 568 · completion-return-L47-USE
906x801 正在检查 906 × 801 · activity-L49:order-2:tap
1440x900 正在检查 1440 × 900 · map-current-127
420x856 正在检查 420 × 856 · activity-L49:story
320x568 正在检查 320 × 568 · words-queued-L49-WORDS-3:teach-0
906x801 正在检查 906 × 801 · words-queued-L51-WORDS-1:teach-0
320x568 正在检查 320 × 568 · node-preview-L51-STORY
1440x900 正在检查 1440 × 900 · correct-L51:story-check-16
420x856 正在检查 420 × 856 · map-return
906x801 正在检查 906 × 801 · activity-L51:meaning
1440x900 正在检查 1440 × 900 · activity-L51:order-2:tap
320x568 正在检查 320 × 568 · map-return
420x856 正在检查 420 × 856 · map-current-131
906x801 正在检查 906 × 801 · map-current-141
420x856 正在检查 420 × 856 · activity-L51:return-gap
1440x900 正在检查 1440 × 900 · activity-L53-WORDS-3:teach-4
320x568 正在检查 320 × 568 · map-return
906x801 正在检查 906 × 801 · activity-L55:story-check-8
420x856 正在检查 420 × 856 · activity-L53-WORDS-3:hear
320x568 正在检查 320 × 568 · words-queued-L53:examples
1440x900 正在检查 1440 × 900 · story-two-lines
906x801 正在检查 906 × 801 · story-two-lines
320x568 正在检查 320 × 568 · words-queued-L55:numbers-0
420x856 正在检查 420 × 856 · story-line-L55:story-9
1440x900 正在检查 1440 × 900 · correct-L55:return-gap
906x801 正在检查 906 × 801 · story-line-L59:story-5
420x856 正在检查 420 × 856 · activity-L57:story
320x568 正在检查 320 × 568 · map-return
1440x900 正在检查 1440 × 900 · map-current-154
906x801 正在检查 906 × 801 · activity-L61:story
420x856 正在检查 420 × 856 · story-line-L59:story-2
320x568 正在检查 320 × 568 · words-queued-L59-WORDS-1:teach-0
1440x900 正在检查 1440 × 900 · activity-L59:return
420x856 正在检查 420 × 856 · activity-L59:return
320x568 正在检查 320 × 568 · correct-L61:story-check-17
1440x900 正在检查 1440 × 900 · words-queued-L61:numbers-0
906x801 正在检查 906 × 801 · node-preview-L61-USE
420x856 正在检查 420 × 856 · words-queued-L61-WORDS-2:teach-4
1440x900 正在检查 1440 × 900 · node-preview-L63-WORDS-1
320x568 正在检查 320 × 568 · map-current-163
906x801 正在检查 906 × 801 · map-return
906x801 正在检查 906 × 801 · activity-L65:story-check-10
420x856 正在检查 420 × 856 · story-line-L63:story-12
320x568 正在检查 320 × 568 · words-queued-L63-WORDS-2:teach-4
1440x900 正在检查 1440 × 900 · story-line-L65:story-3
906x801 正在检查 906 × 801 · activity-L67:story-check-3
420x856 正在检查 420 × 856 · activity-L63:extra-5
320x568 正在检查 320 × 568 · story-line-L65:story-10
1440x900 正在检查 1440 × 900 · activity-L65:return-gap
906x801 正在检查 906 × 801 · correct-L67:transfer
320x568 正在检查 320 × 568 · activity-L65:return-gap
1440x900 正在检查 1440 × 900 · correct-L67:gap-3
420x856 正在检查 420 × 856 · celebration
420x856 正在检查 420 × 856 · activity-L67-WORDS-3:hear
320x568 正在检查 320 × 568 · words-queued-L67:examples
1440x900 正在检查 1440 × 900 · map-current-184
906x801 正在检查 906 × 801 · completion-return-L69-USE
420x856 正在检查 420 × 856 · activity-L69-WORDS-1:teach-0:sound-pairs:tap
320x568 正在检查 320 × 568 · activity-L69-WORDS-1:teach-0:sound-pairs:tap
1440x900 正在检查 1440 × 900 · words-queued-L71:examples
906x801 正在检查 906 × 801 · node-preview-L71-REVIEW
906x801 正在检查 906 × 801 · completion-return-L73-WORDS-3
420x856 正在检查 420 × 856 · map-current-187
320x568 正在检查 320 × 568 · story-line-L71:story-12
1440x900 正在检查 1440 × 900 · map-current-193
906x801 正在检查 906 × 801 · activity-L75:number-check-0
420x856 正在检查 420 × 856 · words-queued-L73-WORDS-1:teach-0
320x568 正在检查 320 × 568 · correct-L73:story-check-7
1440x900 正在检查 1440 × 900 · map-return
906x801 正在检查 906 × 801 · node-preview-L77-USE
420x856 正在检查 420 × 856 · story-line-L75:story-6
1440x900 正在检查 1440 × 900 · map-current-201
320x568 正在检查 320 × 568 · map-current-195
420x856 正在检查 420 × 856 · activity-L75:return
320x568 正在检查 320 × 568 · activity-L75:number-check-0
906x801 正在检查 906 × 801 · map-current-206
1440x900 正在检查 1440 × 900 · map-return
906x801 正在检查 906 × 801 · story-line-L81:story-14
320x568 正在检查 320 × 568 · map-current-201
1440x900 正在检查 1440 × 900 · story-line-L81:story-4
420x856 正在检查 420 × 856 · completion-return-L77-REVIEW
906x801 正在检查 906 × 801 · activity-L81:return
420x856 正在检查 420 × 856 · correct-L79:gap-3
320x568 正在检查 320 × 568 · story-line-L79:story-12
1440x900 正在检查 1440 × 900 · map-return
906x801 正在检查 906 × 801 · activity-L83:transfer
420x856 正在检查 420 × 856 · activity-L81-WORDS-1:teach-0:sound-pairs:tap
320x568 正在检查 320 × 568 · activity-L79:return
1440x900 正在检查 1440 × 900 · activity-L83:gap-1
420x856 正在检查 420 × 856 · story-line-L83:story-9
1440x900 正在检查 1440 × 900 · map-current-220
320x568 正在检查 320 × 568 · map-return
906x801 正在检查 906 × 801 · map-current-221
906x801 正在检查 906 × 801 · map-current-225
420x856 正在检查 420 × 856 · activity-L85:story-check-7
320x568 正在检查 320 × 568 · story-line-L83:story-9
1440x900 正在检查 1440 × 900 · words-queued-L87:examples-4
906x801 正在检查 906 × 801 · activity-L89-WORDS-2:hear
420x856 正在检查 420 × 856 · story-two-lines
320x568 正在检查 320 × 568 · correct-L83:return-gap
1440x900 正在检查 1440 × 900 · activity-L89-WORDS-1:teach-0:sound-pairs:tap
906x801 正在检查 906 × 801 · activity-L91-WORDS-1:teach-0:sound-pairs:tap
320x568 正在检查 320 × 568 · activity-L85:transfer
420x856 正在检查 420 × 856 · map-current-226
1440x900 正在检查 1440 × 900 · story-line-L91:story-15
906x801 正在检查 906 × 801 · map-current-237
1440x900 正在检查 1440 × 900 · map-current-236
320x568 正在检查 320 × 568 · map-current-225
420x856 正在检查 420 × 856 · node-preview-L89-REVIEW
906x801 正在检查 906 × 801 · activity-L95:story-check-15
420x856 正在检查 420 × 856 · correct-L91:gap-1
320x568 正在检查 320 × 568 · tap-correct-L89-WORDS-1:teach-0:sound-pairs:tap
1440x900 正在检查 1440 × 900 · correct-L95:story-check-8
906x801 正在检查 906 × 801 · correct-L97:story-check-4
1440x900 正在检查 1440 × 900 · correct-L95:return-gap
320x568 正在检查 320 × 568 · story-line-L91:story-11
420x856 正在检查 420 × 856 · completion-return-L93-WORDS-2
906x801 正在检查 906 × 801 · activity-L99:story
420x856 正在检查 420 × 856 · node-preview-L95-WORDS-1
320x568 正在检查 320 × 568 · story-line-L93:story-4
1440x900 正在检查 1440 × 900 · activity-L97:contrast
420x856 正在检查 420 × 856 · activity-L97:story
906x801 正在检查 906 × 801 · map-current-254
320x568 正在检查 320 × 568 · activity-L93:extra-4
1440x900 正在检查 1440 × 900 · activity-L99:transfer
906x801 正在检查 906 × 801 · correct-L101:return-gap
420x856 正在检查 420 × 856 · story-line-L99:story-0
320x568 正在检查 320 × 568 · words-heard-L95-WORDS-2:teach-0
1440x900 正在检查 1440 × 900 · map-current-257
420x856 正在检查 420 × 856 · activity-L99:transfer
320x568 正在检查 320 × 568 · activity-L97:story
1440x900 正在检查 1440 × 900 · words-queued-L103-WORDS-2:teach-4
906x801 正在检查 906 × 801 · completion-return-L103-WORDS-3
420x856 正在检查 420 × 856 · map-current-257
906x801 正在检查 906 × 801 · map-return
1440x900 正在检查 1440 × 900 · story-line-L105:story-4
320x568 正在检查 320 × 568 · map-return
906x801 正在检查 906 × 801 · activity-L107-WORDS-1:teach-0:sound-pairs:tap
420x856 正在检查 420 × 856 · words-heard-L103-WORDS-3:teach-4
1440x900 正在检查 1440 × 900 · story-line-L107:story-7
320x568 正在检查 320 × 568 · correct-L99:transfer
906x801 正在检查 906 × 801 · words-queued-L109-WORDS-1:teach-0
1440x900 正在检查 1440 × 900 · story-line-L109:story-12
420x856 正在检查 420 × 856 · map-return
320x568 正在检查 320 × 568 · map-current-257
906x801 正在检查 906 × 801 · story-line-L111:story-11
420x856 正在检查 420 × 856 · map-current-270
320x568 正在检查 320 × 568 · node-preview-L103-WORDS-2
1440x900 正在检查 1440 × 900 · node-preview-L111-STORY
906x801 正在检查 906 × 801 · activity-L113:story
420x856 正在检查 420 × 856 · story-line-L109:story-17
320x568 正在检查 320 × 568 · correct-L103:extra-4
1440x900 正在检查 1440 × 900 · story-line-L113:story-0
906x801 正在检查 906 × 801 · activity-L115:story
420x856 正在检查 420 × 856 · story-line-L111:story-6
1440x900 正在检查 1440 × 900 · activity-L113:return
320x568 正在检查 320 × 568 · map-return
906x801 正在检查 906 × 801 · activity-L115:transfer
320x568 正在检查 320 × 568 · completion-return-L107-WORDS-1
420x856 正在检查 420 × 856 · completion-return-L111-REVIEW
1440x900 正在检查 1440 × 900 · node-preview-L115-USE
320x568 正在检查 320 × 568 · correct-L109:story-check-6
906x801 正在检查 906 × 801 · completion-return-L117-USE
1440x900 正在检查 1440 × 900 · activity-L117-WORDS-1:teach-0:sound-pairs:tap
420x856 正在检查 420 × 856 · node-preview-L113-USE
906x801 正在检查 906 × 801 · activity-L119-WORDS-2:teach-0
420x856 正在检查 420 × 856 · activity-L115-WORDS-1:teach-0
320x568 正在检查 320 × 568 · node-preview-L109-USE
1440x900 正在检查 1440 × 900 · completion-return-L119-STORY
906x801 正在检查 906 × 801 · activity-L121:story
420x856 正在检查 420 × 856 · correct-L117:story-check-4
320x568 正在检查 320 × 568 · story-line-L111:story-10
1440x900 正在检查 1440 × 900 · node-preview-L121-STORY
906x801 正在检查 906 × 801 · story-line-L123:story-10
420x856 正在检查 420 × 856 · story-line-L119:story-4
320x568 正在检查 320 × 568 · map-return
1440x900 正在检查 1440 × 900 · completion-return-L121-REVIEW
906x801 正在检查 906 × 801 · map-current-310
420x856 正在检查 420 × 856 · correct-L119:return-gap
320x568 正在检查 320 × 568 · activity-L113:examples-4
1440x900 正在检查 1440 × 900 · completion-return-L123-USE
906x801 正在检查 906 × 801 · story-line-L127:story-3
420x856 正在检查 420 × 856 · activity-L121:return-gap
320x568 正在检查 320 × 568 · activity-L115-WORDS-1:teach-0:sound-pairs:tap
1440x900 正在检查 1440 × 900 · activity-L125:transfer
906x801 正在检查 906 × 801 · story-line-L129:story-4
420x856 正在检查 420 × 856 · activity-L123:gap-3
320x568 正在检查 320 × 568 · story-line-L117:story-5
1440x900 正在检查 1440 × 900 · activity-L127:transfer
906x801 正在检查 906 × 801 · activity-L129:return
420x856 正在检查 420 × 856 · correct-L125:gap-3
320x568 正在检查 320 × 568 · map-current-296
1440x900 正在检查 1440 × 900 · activity-L129:order-2:tap
420x856 正在检查 420 × 856 · correct-L127:gap-3
906x801 正在检查 906 × 801 · node-preview-L133-STORY
320x568 正在检查 320 × 568 · completion-return-L119-USE
1440x900 正在检查 1440 × 900 · map-return
906x801 正在检查 906 × 801 · story-line-L135:story-4
420x856 正在检查 420 × 856 · correct-L129-WORDS-2:hear
1440x900 正在检查 1440 × 900 · correct-L133:meaning
320x568 正在检查 320 × 568 · completion-return-L121-WORDS-1
906x801 正在检查 906 × 801 · story-line-L137:story-8
320x568 正在检查 320 × 568 · story-line-L123:story-14
1440x900 正在检查 1440 × 900 · activity-L135:extra-4
420x856 正在检查 420 × 856 · completion-return-L131-WORDS-1
320x568 正在检查 320 × 568 · activity-L123:order-2:tap
1440x900 正在检查 1440 × 900 · correct-L137:gap-3
906x801 正在检查 906 × 801 · map-current-339
420x856 正在检查 420 × 856 · completion-return-L133-STORY
420x856 正在检查 420 × 856 · activity-L135:story
1440x900 正在检查 1440 × 900 · tap-correct-L139-WORDS-1:teach-0:sound-pairs:tap
320x568 正在检查 320 × 568 · map-return
906x801 正在检查 906 × 801 · map-current-342
906x801 正在检查 906 × 801 · activity-L141-WORDS-2:hear
420x856 正在检查 420 × 856 · story-line-L137:story-7
320x568 正在检查 320 × 568 · story-line-L127:story-0
1440x900 正在检查 1440 × 900 · map-current-344
906x801 正在检查 906 × 801 · activity-L143-WORDS-2:teach-0
420x856 正在检查 420 × 856 · story-line-L139:story-8
320x568 正在检查 320 × 568 · activity-L127:return
1440x900 正在检查 1440 × 900 · story-line-L143:story-10
906x801 正在检查 906 × 801 · activity-L143:final-recall-9
420x856 正在检查 420 × 856 · correct-L141:story-check-3
320x568 正在检查 320 × 568 · completion-return-L129-WORDS-2
1440x900 正在检查 1440 × 900 · activity-L143:final-recall-1
906x801 正在检查 906 × 801 · challenge-filled-CH34-3:tap
420x856 正在检查 420 × 856 · activity-L141:contrast
1440x900 正在检查 1440 × 900 · challenge-empty-CH12-2:tap
320x568 正在检查 320 × 568 · map-current-324
906x801 正在检查 906 × 801 · challenge-empty-CH7-8-2:tap
420x856 正在检查 420 × 856 · correct-L143-WORDS-2:hear
320x568 正在检查 320 × 568 · map-return
1440x900 正在检查 1440 × 900 · challenge-correct-CHALL-2:tap
906x801 正在检查 906 × 801 · challenge-correct-CH13-14-3:tap
420x856 正在检查 420 × 856 · activity-L143:final-recall-10
320x568 正在检查 320 × 568 · map-return
1440x900 正在检查 1440 × 900 · challenge-empty-CH11-12-5:tap
320x568 正在检查 320 × 568 · activity-L135-WORDS-1:teach-0:sound-pairs:tap
906x801 正在检查 906 × 801 · challenge-menu
1440x900 正在检查 1440 × 900 · challenge-empty-CH17-18-0:tap
420x856 正在检查 420 × 856 · reset-single-CH12
906x801 正在检查 906 × 801 · challenge-empty-CH23-24-recall-1:tap
420x856 正在检查 420 × 856 · challenge-filled-CH7-8-0:tap
320x568 正在检查 320 × 568 · story-line-L137:story-8
1440x900 正在检查 1440 × 900 · challenge-correct-CH21-22-recall-1:tap
420x856 正在检查 420 × 856 · challenge-filled-CH13-14-0:tap
320x568 正在检查 320 × 568 · activity-L137:return
1440x900 正在检查 1440 × 900 · reset-single-CH25-26
906x801 正在检查 906 × 801 · challenge-return-CH27-28
906x801 正在检查 906 × 801 · challenge-filled-CH33-34-0:tap
320x568 正在检查 320 × 568 · map-current-341
1440x900 正在检查 1440 × 900 · challenge-draft-restored-CH31-32
420x856 正在检查 420 × 856 · reset-single-CH17-18
906x801 正在检查 906 × 801 · challenge-empty-CH37-38-3:tap
420x856 正在检查 420 × 856 · challenge-draft-restored-CH23-24
320x568 正在检查 320 × 568 · correct-L141:story-check-3
1440x900 正在检查 1440 × 900 · challenge-empty-CH35-36-recall-1:tap
906x801 正在检查 906 × 801 · challenge-empty-CH41-42-5:tap
420x856 正在检查 420 × 856 · challenge-empty-CH27-28-recall-0:tap
320x568 正在检查 320 × 568 · map-return
1440x900 正在检查 1440 × 900 · challenge-return-CH39-40
420x856 正在检查 420 × 856 · challenge-empty-CH31-32-recall-1:tap
906x801 正在检查 906 × 801 · challenge-filled-CH45-46-3:tap
320x568 正在检查 320 × 568 · story-two-lines
1440x900 正在检查 1440 × 900 · challenge-empty-CH43-44-recall-1:tap
906x801 正在检查 906 × 801 · challenge-filled-CH49-50-2:tap
320x568 正在检查 320 × 568 · map-return
420x856 正在检查 420 × 856 · challenge-correct-CH35-36-recall-0:tap
1440x900 正在检查 1440 × 900 · challenge-empty-CH47-48-5:tap
320x568 正在检查 320 × 568 · activity-L143:final-recall-2
420x856 正在检查 420 × 856 · challenge-empty-CH39-40-5:tap
906x801 正在检查 906 × 801 · challenge-empty-CH53-54-0:tap
1440x900 正在检查 1440 × 900 · challenge-filled-CH51-52-1:tap
420x856 正在检查 420 × 856 · challenge-empty-CH43-44-5:tap
906x801 正在检查 906 × 801 · challenge-filled-CH57-58-1:tap
320x568 正在检查 320 × 568 · review-return-map
1440x900 正在检查 1440 × 900 · challenge-filled-CH55-56-1:tap
906x801 正在检查 906 × 801 · challenge-empty-CH59-60-recall-0:tap
320x568 正在检查 320 × 568 · challenge-menu
420x856 正在检查 420 × 856 · challenge-empty-CH47-48-0:tap
1440x900 正在检查 1440 × 900 · challenge-return-CH57-58
906x801 正在检查 906 × 801 · challenge-empty-CH63-64-5:tap
320x568 正在检查 320 × 568 · challenge-return-CH9-10
1440x900 正在检查 1440 × 900 · challenge-filled-CH61-62-2:tap
420x856 正在检查 420 × 856 · challenge-menu
420x856 正在检查 420 × 856 · challenge-filled-CH53-54-4:tap
320x568 正在检查 320 × 568 · challenge-empty-CH13-14-recall-1:tap
906x801 正在检查 906 × 801 · challenge-correct-CH65-66-1:tap
1440x900 正在检查 1440 × 900 · challenge-empty-CH63-64-recall-0:tap
906x801 正在检查 906 × 801 · challenge-correct-CH67-68-1:tap
320x568 正在检查 320 × 568 · reset-single-CH15-16
420x856 正在检查 420 × 856 · challenge-correct-CH55-56-1:tap
1440x900 正在检查 1440 × 900 · challenge-menu
906x801 正在检查 906 × 801 · challenge-empty-CH69-70-5:tap
1440x900 正在检查 1440 × 900 · challenge-correct-CH67-68-0:tap
420x856 正在检查 420 × 856 · challenge-correct-CH57-58-3:tap
320x568 正在检查 320 × 568 · challenge-node-preview-CH19-20
1440x900 正在检查 1440 × 900 · challenge-draft-restored-CH69-70
320x568 正在检查 320 × 568 · challenge-correct-CH23-24-recall-0:tap
420x856 正在检查 420 × 856 · challenge-complete-CH59-60
906x801 正在检查 906 × 801 · challenge-correct-CH71-72-4:tap
420x856 正在检查 420 × 856 · challenge-empty-CH61-62-recall-0:tap
320x568 正在检查 320 × 568 · challenge-return-CH25-26
1440x900 正在检查 1440 × 900 · challenge-draft-restored-CH71-72
906x801 正在检查 906 × 801 · challenge-correct-CH73-74-1:tap
906x801 正在检查 906 × 801 · challenge-filled-CH75-76-recall-1:tap
320x568 正在检查 320 × 568 · challenge-empty-CH29-30-recall-0:tap
1440x900 正在检查 1440 × 900 · challenge-correct-CH73-74-recall-1:tap
420x856 正在检查 420 × 856 · reset-confirm-single-CH63-64
906x801 正在检查 906 × 801 · challenge-draft-restored-CH79-80
420x856 正在检查 420 × 856 · challenge-empty-CH67-68-3:tap
320x568 正在检查 320 × 568 · challenge-filled-CH33-34-1:tap
1440x900 正在检查 1440 × 900 · challenge-empty-CH75-76-recall-0:tap
906x801 正在检查 906 × 801 · reset-single-CH81-82
1440x900 正在检查 1440 × 900 · challenge-empty-CH79-80-3:tap
320x568 正在检查 320 × 568 · challenge-correct-CH37-38-4:tap
420x856 正在检查 420 × 856 · challenge-draft-restored-CH71-72
906x801 正在检查 906 × 801 · reset-confirm-single-CH85-86
320x568 正在检查 320 × 568 · challenge-empty-CH41-42-recall-0:tap
420x856 正在检查 420 × 856 · challenge-correct-CH73-74-5:tap
1440x900 正在检查 1440 × 900 · challenge-node-preview-CH81-82
1440x900 正在检查 1440 × 900 · challenge-empty-CH85-86-recall-1:tap
320x568 正在检查 320 × 568 · challenge-filled-CH45-46-1:tap
420x856 正在检查 420 × 856 · challenge-menu
906x801 正在检查 906 × 801 · challenge-node-preview-CH87-88
906x801 正在检查 906 × 801 · challenge-empty-CH91-92-1:tap
420x856 正在检查 420 × 856 · challenge-return-CH79-80
320x568 正在检查 320 × 568 · challenge-filled-CH49-50-1:tap
1440x900 正在检查 1440 × 900 · challenge-filled-CH89-90-1:tap
320x568 正在检查 320 × 568 · challenge-draft-restored-CH53-54
906x801 正在检查 906 × 801 · challenge-return-CH93-94
1440x900 正在检查 1440 × 900 · reset-single-CH91-92
420x856 正在检查 420 × 856 · challenge-return-CH83-84
906x801 正在检查 906 × 801 · challenge-finished-intro-CH95-96
320x568 正在检查 320 × 568 · challenge-correct-CH55-56-0:tap
420x856 正在检查 420 × 856 · reset-single-CH83-84
1440x900 正在检查 1440 × 900 · challenge-node-preview-CH93-94
906x801 正在检查 906 × 801 · challenge-return-CH97-98
320x568 正在检查 320 × 568 · challenge-empty-CH57-58-2:tap
420x856 正在检查 420 × 856 · challenge-return-CH85-86
1440x900 正在检查 1440 × 900 · reset-single-CH93-94
906x801 正在检查 906 × 801 · challenge-empty-CH99-100-2:tap
1440x900 正在检查 1440 × 900 · reset-single-CH93-94
320x568 正在检查 320 × 568 · challenge-return-CH57-58
420x856 正在检查 420 × 856 · challenge-empty-CH87-88-3:tap
320x568 正在检查 320 × 568 · challenge-correct-CH59-60-1:tap
1440x900 正在检查 1440 × 900 · challenge-return-CH95-96
420x856 正在检查 420 × 856 · reset-confirm-single-CH87-88
320x568 正在检查 320 × 568 · challenge-empty-CH59-60-recall-1:tap
1440x900 正在检查 1440 × 900 · reset-confirm-single-CH95-96
420x856 正在检查 420 × 856 · challenge-filled-CH89-90-2:tap
906x801 正在检查 906 × 801 · challenge-correct-CH99-100-recall-0:tap
420x856 正在检查 420 × 856 · challenge-empty-CH89-90-recall-1:tap
320x568 正在检查 320 × 568 · reset-single-CH59-60
1440x900 正在检查 1440 × 900 · challenge-empty-CH97-98-2:tap
906x801 正在检查 906 × 801 · challenge-return-CH99-100
320x568 正在检查 320 × 568 · challenge-empty-CH61-62-0:tap
420x856 正在检查 420 × 856 · challenge-return-CH89-90
1440x900 正在检查 1440 × 900 · challenge-empty-CH97-98-3:tap
906x801 正在检查 906 × 801 · challenge-node-preview-CH99-100
420x856 正在检查 420 × 856 · challenge-correct-CH91-92-1:tap
320x568 正在检查 320 × 568 · reset-confirm-single-CH61-62
906x801 正在检查 906 × 801 · challenge-empty-CH101-102-2:tap
1440x900 正在检查 1440 × 900 · challenge-node-preview-CH97-98
906x801 正在检查 906 × 801 · challenge-node-preview-CH101-102
1440x900 正在检查 1440 × 900 · challenge-filled-CH99-100-4:tap
420x856 正在检查 420 × 856 · reset-single-CH91-92
320x568 正在检查 320 × 568 · challenge-node-preview-CH63-64
906x801 正在检查 906 × 801 · challenge-empty-CH103-104-0:tap
320x568 正在检查 320 × 568 · challenge-correct-CH65-66-6:tap
1440x900 正在检查 1440 × 900 · challenge-return-CH99-100
420x856 正在检查 420 × 856 · challenge-node-preview-CH93-94
420x856 正在检查 420 × 856 · challenge-empty-CH95-96-recall-1:tap
320x568 正在检查 320 × 568 · challenge-filled-CH67-68-6:tap
1440x900 正在检查 1440 × 900 · challenge-empty-CH101-102-recall-1:tap
906x801 正在检查 906 × 801 · reset-confirm-single-CH103-104
320x568 正在检查 320 × 568 · challenge-filled-CH69-70-4:tap
1440x900 正在检查 1440 × 900 · challenge-empty-CH103-104-recall-0:tap
906x801 正在检查 906 × 801 · challenge-return-CH105-106
420x856 正在检查 420 × 856 · challenge-correct-CH97-98-4:tap
906x801 正在检查 906 × 801 · challenge-correct-CH107-108-recall-1:tap
420x856 正在检查 420 × 856 · challenge-draft-restored-CH99-100
1440x900 正在检查 1440 × 900 · challenge-correct-CH105-106-3:tap
320x568 正在检查 320 × 568 · challenge-intro-CH71-72
1440x900 正在检查 1440 × 900 · challenge-return-CH105-106
320x568 正在检查 320 × 568 · challenge-empty-CH71-72-0:tap
906x801 正在检查 906 × 801 · challenge-return-CH107-108
420x856 正在检查 420 × 856 · reset-single-CH99-100
906x801 正在检查 906 × 801 · challenge-hint-CH109-110
320x568 正在检查 320 × 568 · challenge-empty-CH71-72-3:tap
1440x900 正在检查 1440 × 900 · challenge-correct-CH107-108-3:tap
420x856 正在检查 420 × 856 · challenge-node-preview-CH101-102
420x856 正在检查 420 × 856 · challenge-correct-CH103-104-4:tap
1440x900 正在检查 1440 × 900 · challenge-filled-CH109-110-1:tap
320x568 正在检查 320 × 568 · challenge-filled-CH73-74-1:tap
906x801 正在检查 906 × 801 · challenge-return-CH109-110
906x801 正在检查 906 × 801 · challenge-menu
320x568 正在检查 320 × 568 · challenge-empty-CH75-76-0:tap
1440x900 正在检查 1440 × 900 · challenge-return-CH109-110
420x856 正在检查 420 × 856 · challenge-menu
320x568 正在检查 320 × 568 · challenge-filled-CH77-78-1:tap
420x856 正在检查 420 × 856 · reset-confirm-single-CH105-106
1440x900 正在检查 1440 × 900 · challenge-return-CH111-112
906x801 正在检查 906 × 801 · reset-single-CH111-112
320x568 正在检查 320 × 568 · challenge-empty-CH79-80-5:tap
1440x900 正在检查 1440 × 900 · challenge-return-CH113-114
906x801 正在检查 906 × 801 · challenge-node-preview-CH113-114
420x856 正在检查 420 × 856 · reset-single-CH107-108
420x856 正在检查 420 × 856 · reset-confirm-single-CH109-110
320x568 正在检查 320 × 568 · challenge-filled-CH81-82-1:tap
1440x900 正在检查 1440 × 900 · challenge-node-preview-CH115-116
906x801 正在检查 906 × 801 · challenge-node-preview-CH115-116
906x801 正在检查 906 × 801 · challenge-empty-CH117-118-0:tap
1440x900 正在检查 1440 × 900 · challenge-menu
320x568 正在检查 320 × 568 · challenge-filled-CH81-82-1:tap
420x856 正在检查 420 × 856 · challenge-menu
906x801 正在检查 906 × 801 · challenge-node-preview-CH117-118
320x568 正在检查 320 × 568 · challenge-empty-CH83-84-0:tap
420x856 正在检查 420 × 856 · reset-single-CH111-112
1440x900 正在检查 1440 × 900 · challenge-return-CH117-118
906x801 正在检查 906 × 801 · challenge-empty-CH119-120-4:tap
1440x900 正在检查 1440 × 900 · challenge-filled-CH119-120-1:tap
320x568 正在检查 320 × 568 · reset-confirm-single-CH83-84
420x856 正在检查 420 × 856 · challenge-return-CH113-114
906x801 正在检查 906 × 801 · challenge-return-CH119-120
320x568 正在检查 320 × 568 · challenge-correct-CH85-86-4:tap
420x856 正在检查 420 × 856 · challenge-empty-CH115-116-0:tap
1440x900 正在检查 1440 × 900 · challenge-correct-CH119-120-2:tap
906x801 正在检查 906 × 801 · challenge-filled-CH121-122-1:tap
420x856 正在检查 420 × 856 · challenge-filled-CH117-118-0:tap
320x568 正在检查 320 × 568 · challenge-correct-CH87-88-3:tap
1440x900 正在检查 1440 × 900 · challenge-return-CH119-120
906x801 正在检查 906 × 801 · reset-confirm-single-CH121-122
420x856 正在检查 420 × 856 · challenge-empty-CH119-120-0:tap
320x568 正在检查 320 × 568 · challenge-empty-CH89-90-5:tap
1440x900 正在检查 1440 × 900 · challenge-filled-CH121-122-1:tap
320x568 正在检查 320 × 568 · challenge-empty-CH91-92-recall-1:tap
420x856 正在检查 420 × 856 · reset-confirm-single-CH119-120
1440x900 正在检查 1440 × 900 · reset-single-CH121-122
906x801 正在检查 906 × 801 · reset-confirm-single-CH123-124
906x801 正在检查 906 × 801 · challenge-return-CH125-126
320x568 正在检查 320 × 568 · challenge-return-CH93-94
420x856 正在检查 420 × 856 · challenge-correct-CH121-122-1:tap
1440x900 正在检查 1440 × 900 · challenge-node-preview-CH123-124
906x801 正在检查 906 × 801 · reset-confirm-single-CH125-126
1440x900 正在检查 1440 × 900 · reset-single-CH123-124
420x856 正在检查 420 × 856 · challenge-correct-CH121-122-2:tap
320x568 正在检查 320 × 568 · challenge-correct-CH95-96-3:tap
420x856 正在检查 420 × 856 · challenge-correct-CH121-122-recall-1:tap
320x568 正在检查 320 × 568 · challenge-node-preview-CH95-96
906x801 正在检查 906 × 801 · challenge-return-CH127-128
1440x900 正在检查 1440 × 900 · challenge-return-CH125-126
420x856 正在检查 420 × 856 · challenge-return-CH121-122
1440x900 正在检查 1440 × 900 · reset-confirm-single-CH125-126
906x801 正在检查 906 × 801 · challenge-draft-restored-CH129-130
320x568 正在检查 320 × 568 · challenge-correct-CH97-98-1:tap
420x856 正在检查 420 × 856 · challenge-empty-CH123-124-3:tap
1440x900 正在检查 1440 × 900 · challenge-return-CH127-128
906x801 正在检查 906 × 801 · reset-single-CH129-130
320x568 正在检查 320 × 568 · reset-single-CH97-98
1440x900 正在检查 1440 × 900 · challenge-filled-CH129-130-1:tap
320x568 正在检查 320 × 568 · challenge-return-CH99-100
420x856 正在检查 420 × 856 · challenge-intro-CH125-126
906x801 正在检查 906 × 801 · challenge-correct-CH131-132-0:tap
420x856 正在检查 420 × 856 · challenge-empty-CH125-126-3:tap
320x568 正在检查 320 × 568 · challenge-filled-CH101-102-1:tap
1440x900 正在检查 1440 × 900 · challenge-node-preview-CH129-130
906x801 正在检查 906 × 801 · challenge-filled-CH131-132-1:tap
906x801 正在检查 906 × 801 · challenge-filled-CH131-132-2:tap
1440x900 正在检查 1440 × 900 · challenge-return-CH131-132
320x568 正在检查 320 × 568 · challenge-node-preview-CH101-102
420x856 正在检查 420 × 856 · challenge-menu
906x801 正在检查 906 × 801 · challenge-correct-CH133-134-2:tap
1440x900 正在检查 1440 × 900 · challenge-return-CH133-134
420x856 正在检查 420 × 856 · challenge-return-CH127-128
320x568 正在检查 320 × 568 · challenge-node-preview-CH103-104
420x856 正在检查 420 × 856 · challenge-correct-CH129-130-recall-1:tap
906x801 正在检查 906 × 801 · challenge-correct-CH135-136-1:tap
1440x900 正在检查 1440 × 900 · challenge-complete-CH135-136
320x568 正在检查 320 × 568 · challenge-return-CH105-106
906x801 正在检查 906 × 801 · challenge-return-CH137-138
1440x900 正在检查 1440 × 900 · challenge-empty-CH137-138-recall-1:tap
320x568 正在检查 320 × 568 · challenge-correct-CH109-110-1:tap
420x856 正在检查 420 × 856 · reset-single-CH131-132
906x801 正在检查 906 × 801 · challenge-node-preview-CH137-138
320x568 正在检查 320 × 568 · challenge-correct-CH111-112-2:tap
1440x900 正在检查 1440 × 900 · challenge-node-preview-CH137-138
420x856 正在检查 420 × 856 · challenge-filled-CH135-136-0:tap
1440x900 正在检查 1440 × 900 · challenge-empty-CH139-140-recall-1:tap
906x801 正在检查 906 × 801 · challenge-menu
420x856 正在检查 420 × 856 · challenge-filled-CH135-136-1:tap
906x801 正在检查 906 × 801 · challenge-return-CH139-140
420x856 正在检查 420 × 856 · challenge-filled-CH135-136-1:tap
1440x900 正在检查 1440 × 900 · reset-confirm-single-CH139-140
420x856 正在检查 420 × 856 · challenge-empty-CH135-136-3:tap
1440x900 正在检查 1440 × 900 · challenge-correct-CH141-142-2:tap
320x568 正在检查 320 × 568 · reset-single-CH111-112
906x801 正在检查 906 × 801 · challenge-node-preview-CH139-140
1440x900 正在检查 1440 × 900 · challenge-return-CH141-142
420x856 正在检查 420 × 856 · challenge-node-preview-CH135-136
320x568 正在检查 320 × 568 · challenge-empty-CH113-114-0:tap
906x801 正在检查 906 × 801 · challenge-empty-CH141-142-2:tap
320x568 正在检查 320 × 568 · challenge-empty-CH113-114-3:tap
420x856 正在检查 420 × 856 · challenge-correct-CH137-138-4:tap
1440x900 正在检查 1440 × 900 · challenge-hint-CH143-144
906x801 正在检查 906 × 801 · challenge-correct-CH141-142-3:tap
906x801 正在检查 906 × 801 · reset-confirm-single-CH141-142
1440x900 正在检查 1440 × 900 · reset-confirm-single-CH143-144
420x856 正在检查 420 × 856 · challenge-node-preview-CH137-138
320x568 正在检查 320 × 568 · reset-single-CH113-114
320x568 正在检查 320 × 568 · challenge-hint-CH115-116
420x856 正在检查 420 × 856 · challenge-menu
1440x900 正在检查 1440 × 900 · reset-challenges-saved
906x801 正在检查 906 × 801 · reset-single-CH141-142
906x801 正在检查 906 × 801 · challenge-draft-restored-CH143-144
1440x900 正在检查 1440 × 900 · reset-undo-restored
320x568 正在检查 320 × 568 · challenge-filled-CH117-118-1:tap
420x856 正在检查 420 × 856 · challenge-return-CH139-140
320x568 正在检查 320 × 568 · challenge-return-CH117-118
420x856 正在检查 420 × 856 · challenge-node-preview-CH139-140
906x801 正在检查 906 × 801 · challenge-correct-CH143-144-3:tap
906x801 正在检查 906 × 801 · challenge-return-CH143-144
420x856 正在检查 420 × 856 · challenge-empty-CH141-142-recall-1:tap
320x568 正在检查 320 × 568 · challenge-wrong-CH119-120
906x801 正在检查 906 × 801 · map-return
320x568 正在检查 320 × 568 · reset-single-CH119-120
420x856 正在检查 420 × 856 · challenge-empty-CH143-144-0:tap
420x856 正在检查 420 × 856 · map-return
320x568 正在检查 320 × 568 · challenge-empty-CH123-124-5:tap
320x568 正在检查 320 × 568 · challenge-filled-CH127-128-recall-0:tap
320x568 正在检查 320 × 568 · challenge-empty-CH131-132-recall-1:tap
320x568 正在检查 320 × 568 · challenge-filled-CH135-136-4:tap
320x568 正在检查 320 × 568 · challenge-empty-CH139-140-3:tap
320x568 正在检查 320 × 568 · challenge-filled-CH143-144-1:tap
Browser readability passed: 41456 rendered states
