✔ all live order tiles omit punctuation while source sentences keep it (7.062708ms)
✔ the route renders every chapter without section paging controls (24.172875ms)
✔ grading emits one feedback sound and resuming does not replay it (46.966041ms)
✔ story character choices retain one feedback message without a picture-card footer (42.12775ms)
✔ main practice and challenge distinguish retry, correct, completion and repeated events (17.721875ms)
✔ placement plays answer feedback first and the result sound only after manual continue (307.265041ms)
✔ identical visible words are interchangeable in the original order activity (4.226042ms)
✔ punctuation removal preserves old placement verdicts while accepting equal words in new answers (19.419125ms)
✔ the complete authored catalog round-trips with every value and order intact (1170.395ms)
✔ transport distinguishes strings, references, primitives and special object keys (0.857375ms)
✔ corrupt transport fails closed instead of substituting incomplete course data (0.572125ms)
✔ course-package manifest validation rejects unsafe, duplicate, and unaccounted entries (15.485375ms)
✔ cold preparation verifies every byte before one atomic activation (24.451958ms)
✔ an interrupted install retains verified files and resumes without downloading them again (3.4575ms)
✔ a corrupt response cannot activate and a clean retry replaces only that asset (3.10625ms)
✔ a revision reuses unchanged verified bytes and keeps the old active package until switch (2.621917ms)
✔ same-version warm preparation performs a manifest verdict without asset network misses (1.72875ms)
✔ a corrupt active cache is rehashed and repaired in a separate cache before pointer switch (3.937792ms)
✔ offline reopen uses only the matching fully verified manifest and shell (2.481875ms)
✔ course-package service worker parses bounded and suffix byte ranges (1.523ms)
✔ cached audio can satisfy a real Range request without touching the network (17.1575ms)
✔ navigation has a verified offline fallback while manifest and install checks bypass cache (0.898625ms)
✔ an active legacy placement retains its sample when future questions are appended (240.623417ms)
✔ a historical wrong answer is not regraded using an expanded answer policy (279.036791ms)
✔ adding assessment metadata preserves original result evidence (280.310541ms)
✔ reviewed translations apply to early challenges and placement without forgiving grammar errors (0.238791ms)
✔ migration first preserves the original bytes outside the primary record (152.896625ms)
✔ corrupt records offer export and explicit scoped recovery, preserving corrupt bytes (4.086541ms)
✔ restoration detects a different raw record written while confirmation is open (1.637875ms)
✔ placement point selections journal small durable drafts without rewriting course progress (13.710584ms)
✔ grammar pilot uses new IDs and distinguishes selection, transfer and delayed retrieval (2.788708ms)
✔ a correct sentence task can continue when optional reference audio fails (108.835125ms)
✔ wrong challenge answers survive correction and enter next-day review without mainline credit (148.463875ms)
✔ an ongoing old placement is archived without scoring it as a new test (199.525416ms)
✔ two tabs cannot silently replace each other’s journal (10.309625ms)
✔ a failed independent migration backup never overwrites the original record (142.225834ms)
✔ pilot prerequisite skills appear in a wide placement while the 20-question rule is retained (3.945125ms)
✔ v1 grading and sampling contracts remain immutable across later releases (5.863208ms)
✔ unknown placement answer policies fail validation without crashing record recovery (227.68225ms)
✔ the light presentation view is immutable while full exports remain isolated copies (1.199416ms)
✔ pilot selections preserve the actual diagnostic and routes novel sentences to later review (75.599042ms)
✔ a pilot challenge error recalls a new sentence of the same grammar skill (84.508958ms)
✔ malformed new error histories and selection drafts reach record recovery without throwing (5.544ms)
✔ a grandfathered completed node can earn its new tap evidence (228.174208ms)
✔ concurrent native audio requests fetch one full recording and cache only verified bytes (22.231958ms)
✔ a corrupt cached recording is repaired; a corrupt download is rejected without poisoning the cache (2.720166ms)
✔ an active deferred-media release fails closed when its pinned index is absent or corrupt (2.609833ms)
✔ a manifest cannot name an unverified media index (10.651209ms)
✔ concurrent and warm media requests share one verified index per activation identity (5.615167ms)
✔ challenge answer contract accepts presentation variants but rejects changed language (315.335792ms)
✔ all optional challenges complete without changing the main route or review evidence (292960.544458ms)
✔ draft, mistakes and hints survive refresh and never become independent evidence (154.729459ms)
✔ scoped reset requires confirmation, keeps main progress, supports undo and persists across refresh (195.77875ms)
✔ damaged challenge records are rejected without crashing the course loader (137.040125ms)
✔ resetting one challenge preserves every other challenge and allows starting at zero (750.6435ms)
✔ full reset writes an empty current record, cannot reimport old progress or erase unrelated data (109.070583ms)
✔ failed resets do not claim success; retries and stale-tab conflicts keep saved data intact (245.731958ms)
✔ continuous course ships matching catalog, HTML digest and bytes for every dependency (537.079791ms)
✔ all fifty lessons complete through actual runtime actions, with every original dialogue once (197074.121ms)
✔ imports original V3.6 results and story proof without modifying the old record (37.082084ms)
✔ manual teaching cards persist only ended recordings and recover after refresh (157.410333ms)
✔ new story advances only after ended audio and a manual continue, and restores the next turn (161.49975ms)
✔ cross-lesson review is limited, does not duplicate a target, and preserves initial results (200838.5365ms)
✔ reference listening supports pause, retry, and contact without awarding completion (13.822167ms)
✔ wrong answer and hint survive refresh without turning supported work into independent work (329.420667ms)
✔ missing or changed textbook lines and non-cat actors are rejected (145.72625ms)
✔ every completed node returns through its visible primary action to the path (249496.299417ms)
✔ completion rejects a direct next-node event until the learner returns to the map (48.661458ms)
✔ paired Lesson sections and exact review coverage stay visible without changing node identities (32.879459ms)
✔ journey previews and tabs are read-only and locked previews cannot start a later lesson (26.746625ms)
✔ journey reports real heard evidence without treating reference listening as lesson completion (17.622958ms)
✔ all roadmap titles remain inspectable and the current node is uniquely identified (2125.326125ms)
✔ a partly heard story shows Continue while keeping its node incomplete (13.801875ms)
✔ suit and school keep their reviewed imagegen originals, prompts and runtime bindings (2.549708ms)
✔ umbrella scene uses the reviewed imagegen set, with inward facing cats and distinct patterned props (152.204709ms)
✔ the opening waits for a click, reveals only the current line and never advances on audio ending (6.32425ms)
✔ all seven original lines are singly triggered and each of the three decisions pauses the same story (6.908875ms)
✔ a history replay cannot reveal or complete the current line, including after a failed replay and retry (0.851917ms)
✔ stale endings, pause, autoplay blocking and playback errors never count as a completed story line (0.512959ms)
✔ both complete cats stay in the story; handing over uses the cast instead of duplicate character cards (4.339334ms)
✔ learning surfaces omit redundant instruction, mode paragraphs, mascot headings and slow controls (23.709209ms)
✔ word-bank dialogue withholds the answer and continuation, then plays both only after checking (9.983291ms)
✔ the page plays original recordings at native speed, stops stale media and advances story only on clicks (62.695084ms)
✔ all three vocabulary groups play one original word per tap with no automatic next word (5.117625ms)
✔ leaving cards cancels playback without crediting stale endings or failed audio (0.633083ms)
✔ retired speed actions cannot start or switch audio and active sources contain no slow variant (0.338917ms)
✔ standalone preview serves the same home and all verified dependencies (6299.545375ms)
✔ standalone preview redirects retired pages without exposing old code or repository files (515.583ms)
✔ standalone preview supports native audio range and HEAD requests (1008.228292ms)
✔ rapid taps on every teaching group queue explicit choices and persist every real ending once (758.291042ms)
✔ repeated rapid taps do not restart or duplicate the current and queued words (1.955708ms)
✔ queued words wait through pause and failed audio, then stop when leaving the activity (1.225917ms)
✔ a failed save pauses the queue and retry resumes only after evidence is persisted (2.310375ms)
✔ the home release contains one HTML page and the verified course dependency closure (515.510917ms)
✔ the release refuses changed or untracked input instead of labelling it as HEAD (146.410167ms)
✔ the release refuses an authored catalog that has not been repackaged (1552.480917ms)
✔ foundation uses picture choice and word banks with no editable answers (13.448584ms)
✔ every skip destination has 20 unique, bounded questions; wide jumps cover the skipped range (128.836958ms)
✔ fifth mistake stops grading, shows feedback, and waits for continue; duplicate actions consume no lives (93.99775ms)
✔ fixed questions, current draft, feedback and mistakes survive leave and refresh (45.977333ms)
✔ four mistakes may pass only after all 20 responses; skipping never fabricates learned evidence (404.961292ms)
✔ reset scopes and undo preserve the distinction between placement and regular challenges (297.416125ms)
✔ saving the final answer must succeed before unlocking; stale tabs cannot overwrite an attempt (307.220208ms)
✔ damaged or fabricated placement responses are rejected without touching stored progress (26.215833ms)
✔ current chapter cannot be skipped, and opening an invitation does not mutate the learner record (17.375916ms)
✔ each run measures only its own work and finishes at 100 percent (206123.581625ms)
✔ resuming a story counts remaining beats; references do not masquerade as a lesson (18.421958ms)
✔ settlement measures this visit, freezes time, excludes hidden time and resets on replay (87.183417ms)
✔ wrong and helped answers break the streak; resumed history is not awarded again (68.550792ms)
✔ settlement is shown only after durable completion, and saving twice cannot award twice (25.246583ms)
✔ tap challenge resumes only remaining questions and assisted answers are not a streak (205.379416ms)
✔ memory: a missing record starts at revision zero with no value (1.027ms)
✔ memory: a commit persists the next revision and makes it loadable (0.609458ms)
✔ memory: a stale expected revision conflicts without overwriting (0.112ms)
✔ memory: values are isolated from caller and result references (0.133208ms)
✔ localStorage: a missing record starts at revision zero with no value (0.371333ms)
✔ localStorage: a commit persists the next revision and makes it loadable (0.278666ms)
✔ localStorage: a stale expected revision conflicts without overwriting (0.24475ms)
✔ localStorage: values are isolated from caller and result references (0.236958ms)
✔ both adapters report a malformed revision envelope as corrupt (0.439709ms)
✔ expected revision zero safely replaces a corrupt record (0.209959ms)
✔ localStorage read failure is explicit and does not escape (0.106667ms)
✔ localStorage write failure never reports a permanent effect (0.08975ms)
✔ a silently ignored localStorage write is not reported as committed (0.070625ms)
✔ localStorage commit stops when the current revision cannot be read (0.053375ms)
✔ invalid JSON is corrupt and can be repaired from revision zero (0.089333ms)
✔ large migrated progress keeps exact history and all recovery copies within the storage budget (118.8285ms)
✔ learner notes keep language explanations separate from authoring and implementation instructions (2.164916ms)
✔ original first-50 hashes remain intact beneath the explicitly reviewed v6.1 changes (41.167333ms)
✔ new authoring has continuous pairs, complete original stories and correct post-test PDF page offsets (78.199625ms)
✔ new recordings keep full natural utterances, explicit pronunciations and original first-50 audio addresses (11.879ms)
✔ typed challenges accept reviewed relative clauses, contractions and clock variants but reject grammar changes (0.943459ms)
✔ written answers distinguish auxiliary contractions from main verbs and modal complements (2.680375ms)
✔ a finished first-50 record survives upgrade and resumes at Lesson 51 without inventing progress (24215.197292ms)
✔ a blank targets a whole word instead of matching his inside This (7.410916ms)
✔ all 72 textbook pairs have original text, teaching, retrieval and an optional tap challenge (114.839791ms)
✔ the six-lesson catalog and its learner identity remain unchanged when the course expands (260.740958ms)
✔ expansion preserves a six-lesson reset backup and restores it without inventing new progress (22.252625ms)
✔ source completeness, scene identity and lesson-pair bounds are enforced on expanded content (394.199833ms)
✔ all current student question banks exclude free text and keep every old target mapped (40.637625ms)
✔ every live tap activity can be completed through actions and records supported capabilities (186.417542ms)
✔ all challenge definitions score through the same structural contract; arbitrary text is rejected (2.80525ms)
✔ multi-select, duplicate tokens, repair and mission enforce their authored boundaries (1.263834ms)
✔ old typed progress is backed up, archived and resumes without relocking or fabricated new evidence (25.957625ms)
✔ placement still fails on the fifth wrong response and counts a question only once (33.654209ms)
✔ retired tabs cannot overwrite a journal after the primary record advances (0.138917ms)
✔ each placement range retains three available mechanisms and live prompts never request writing (163.57975ms)
✔ replaying a paired recording preserves its match and explains incomplete listening after restore (0.85425ms)
✔ grading a picture preserves every option identity, position and heard reference with changing random values (120.349792ms)
✔ final correct answer waits for manual continue, including reload (216.047375ms)
✔ final incorrect answer waits for manual continue, including reload (62.422667ms)
✔ placement persists foreground time, excludes background and offline gaps, freezes on the last grade (248.026125ms)
✔ completed attempts without a duration still show their real remaining chances (9.097042ms)
✔ saving time on visibility changes retains a selected draft and reload excludes time away (35.406792ms)
✔ background time remains excluded while a placement draft save is waiting for retry (15.193125ms)
✔ new placement uses only skipped courses when they supply 20 distinct questions (2.99525ms)
✔ short skipped pools are exhausted before earlier courses, nearest earlier first (3.977792ms)
✔ every course range respects skipped-first, source deduplication, bounds and target size (3437.617042ms)
✔ reduced banks use their real count, proportional chances and manual terminal feedback (292.317ms)
✔ an empty bank has an explicit unavailable invitation and cannot award a pass (2.498958ms)
✔ stored v3 orders without the new policy keep their original sample and can resume (23.234834ms)
✔ visual release gate fails closed on errors, missing screens, missing widths and ineffective negative controls (6970.631708ms)
✔ browser proof is required and expires when any public asset or browser checker changes (4847.125ms)
ℹ tests 163
ℹ suites 0
ℹ pass 163
ℹ fail 0
ℹ cancelled 0
ℹ skipped 0
ℹ todo 0
ℹ duration_ms 652609.694958
