
> canranstudio@0.0.0 test:e2e
> playwright test tests/e2e/unit49-50.spec.js tests/e2e/l49-v111.spec.js tests/e2e/l49-v112.spec.js tests/e2e/l49-v113.spec.js tests/e2e/l49-v15.spec.js tests/e2e/l49-v12.spec.js --reporter=list


Running 60 tests using 1 worker

(node:55821) Warning: The 'NO_COLOR' env is ignored due to the 'FORCE_COLOR' env being set.
(Use `node --trace-warnings ...` to show where the warning was created)
  ✓   1 tests/e2e/l49-v111.spec.js:15:1 › 升级加载避开未标版本及 v1.11、v1.12 旧组件，刷新保留星星、题号和待检查选择 (2.2s)
  ✓   2 tests/e2e/l49-v111.spec.js:57:1 › 短屏从检查区换题后，新题题干可见；检查反馈本身不移动按钮 (401ms)
  ✓   3 tests/e2e/l49-v111.spec.js:73:1 › 挑战从长听力题切换到阅读题，题干必须出现在顶部导航下方 (437ms)
  ✓   4 tests/e2e/l49-v111.spec.js:88:1 › 下一题题干已在视口内时，保持滚动位置 (370ms)
  ✓   5 tests/e2e/l49-v111.spec.js:101:1 › 两处听辨均为大喇叭和两列图文选项，挑战暂停在标题旁 (455ms)
  ✓   6 tests/e2e/l49-v111.spec.js:132:1 › 选择题反馈靠近答案；直接纠错、提示和检查都不推移操作按钮 (493ms)
  ✓   7 tests/e2e/l49-v111.spec.js:170:1 › 普通练习和挑战的问句、回应与填空使用同一表现，结束后可重练和继续 (2.6s)
  ✓   8 tests/e2e/l49-v112.spec.js:5:1 › 错题直接说明，重试与答对后清除纠错，不再提供展开原因入口 (606ms)
  ✓   9 tests/e2e/l49-v112.spec.js:27:1 › 分拣题答对只显示成功，答错保留对应误选的纠错信息 (593ms)
  ✓  10 tests/e2e/l49-v112.spec.js:49:4 › 听音寻宝听辨答错后可重听重选，不展示释义或原因入口 (4.5s)
  ✓  11 tests/e2e/l49-v112.spec.js:49:4 › 老板的挑战听辨答错后可重听重选，不展示释义或原因入口 (6.7s)
  ✓  12 tests/e2e/l49-v112.spec.js:70:44 › 320px 直接纠错完整可见，灯泡、检查和重试的位置稳定 (444ms)
  ✓  13 tests/e2e/l49-v112.spec.js:70:44 › 390px 直接纠错完整可见，灯泡、检查和重试的位置稳定 (423ms)
  ✓  14 tests/e2e/l49-v112.spec.js:70:44 › 768px 直接纠错完整可见，灯泡、检查和重试的位置稳定 (429ms)
  ✓  15 tests/e2e/l49-v112.spec.js:70:44 › 1280px 直接纠错完整可见，灯泡、检查和重试的位置稳定 (450ms)
  ✓  16 tests/e2e/l49-v112.spec.js:91:1 › 词块拼装答错直接纠错，重拼答对后清除解释并保留真实首答记录 (579ms)
  ✓  17 tests/e2e/l49-v112.spec.js:113:1 › 320px 锦囊纠错只说明本题依据，全文不需要在反馈区内滚动 (318ms)
  ✓  18 tests/e2e/l49-v113.spec.js:12:1 › 接收者题直接问是谁，只能选择人物，并按说话者理解 me (509ms)
  ✓  19 tests/e2e/l49-v113.spec.js:35:1 › 旧版 me 的完成草稿不能代答人物题，历史手记、星星和其他活动草稿保留 (558ms)
  ✓  20 tests/e2e/l49-v113.spec.js:76:1 › we 属于第一人称复数，误选第三人称复数时解释包含说话者 (1.0s)
  ✓  21 tests/e2e/l49-v113.spec.js:86:1 › 变身魔法以原句、箭头、新句横向对照，窄屏保持可读且重播不重复插入 (978ms)
  ✓  22 tests/e2e/l49-v12.spec.js:23:1 › 点击词卡即可朗读并翻面，键盘等价，快速点读只保留当前词 (403ms)
  ✓  23 tests/e2e/l49-v12.spec.js:45:1 › 最后一组词卡提供开始听辨，刷新后仍可一步进入第一题 (522ms)
  ✓  24 tests/e2e/l49-v12.spec.js:64:1 › 检查答案时播放对应反馈音，选择、提示、重试、继续和恢复保持安静 (616ms)
  ✓  25 tests/e2e/l49-v12.spec.js:92:1 › 最后一题先响正确音，手动完成后才响完成音，重新进入和刷新不重播 (1.5s)
  ✓  26 tests/e2e/l49-v12.spec.js:124:1 › 主语分拣也有正误和完成音，答案反馈停留到手动继续 (1.7s)
  ✓  27 tests/e2e/l49-v12.spec.js:146:1 › mutton hotpot 点读加载本地录音并真实播放到结束，不调用系统朗读 (3.3s)
  ✓  28 tests/e2e/l49-v12.spec.js:167:1 › 课堂投屏入口和独立页面均已移除，学生课程正常打开 (428ms)
  ✓  29 tests/e2e/l49-v12.spec.js:178:1 › 课文最后一句听完后等待手动完成，只在完成动作播放完成音 (808ms)
  ✓  30 tests/e2e/l49-v12.spec.js:196:1 › 领取证书播放同款完成音，关闭和恢复保持安静 (1.3s)
  ✓  31 tests/e2e/l49-v12.spec.js:209:1 › 三种反馈录音都能由浏览器真实播放到结束 (7.1s)
  ✓  32 tests/e2e/l49-v12.spec.js:236:1 › 听辨选项不朗读，旧反馈结束不充当听完新单词，音效失败仍可继续 (569ms)
  ✓  33 tests/e2e/l49-v12.spec.js:267:3 › give 的正确作答使用统一反馈音 (293ms)
  ✓  34 tests/e2e/l49-v12.spec.js:267:3 › either 的正确作答使用统一反馈音 (294ms)
  ✓  35 tests/e2e/l49-v12.spec.js:267:3 › fill 的正确作答使用统一反馈音 (306ms)
  ✓  36 tests/e2e/l49-v12.spec.js:267:3 › choice 的正确作答使用统一反馈音 (304ms)
  ✓  37 tests/e2e/l49-v12.spec.js:267:3 › trans 的正确作答使用统一反馈音 (354ms)
  ✓  38 tests/e2e/l49-v15.spec.js:28:1 › 听音删除无效线索，重试和刷新不恢复它，其他活动保留实质提示 (602ms)
  ✓  39 tests/e2e/l49-v15.spec.js:53:44 › 1280宽度的上一组保留完整按钮轮廓，往返分组不挪动整页 (536ms)
  ✓  40 tests/e2e/l49-v15.spec.js:53:44 › 768宽度的上一组保留完整按钮轮廓，往返分组不挪动整页 (528ms)
  ✓  41 tests/e2e/l49-v15.spec.js:53:44 › 390宽度的上一组保留完整按钮轮廓，往返分组不挪动整页 (479ms)
  ✓  42 tests/e2e/l49-v15.spec.js:53:44 › 320宽度的上一组保留完整按钮轮廓，往返分组不挪动整页 (484ms)
  ✓  43 tests/e2e/l49-v15.spec.js:85:1 › 历史句可点读并高亮，打断当前句或晚到的音频结束不会误推进 (508ms)
  ✓  44 tests/e2e/l49-v15.spec.js:124:1 › 逐句中文开关互不影响，也不会误触句子朗读 (553ms)
  ✓  45 tests/e2e/l49-v15.spec.js:146:1 › 中途离开和刷新恢复对白，未听完的当前句仍需重听，取消播放不留高亮 (592ms)
  ✓  46 tests/e2e/l49-v15.spec.js:171:1 › 十一句完成后保留全部对白，刷新保持静音，显式重演从第一句累积并保留奖励 (999ms)
  ✓  47 tests/e2e/l49-v15.spec.js:203:3 › 1280宽度中对白持续累积与中文展开只影响内部滚动，整页和按钮稳定 (1.1s)
  ✓  48 tests/e2e/l49-v15.spec.js:203:3 › 768宽度中对白持续累积与中文展开只影响内部滚动，整页和按钮稳定 (1.1s)
  ✓  49 tests/e2e/l49-v15.spec.js:203:3 › 320宽度中对白持续累积与中文展开只影响内部滚动，整页和按钮稳定 (982ms)
  ✓  50 tests/e2e/l49-v15.spec.js:239:1 › 历史句录音失败后可直接重试，不影响已听完的当前句继续 (404ms)
  ✓  51 tests/e2e/unit49-50.spec.js:31:1 › 两课共用一个采购单元与词卡，旧课满星不会完成新单元 (594ms)
  ✓  52 tests/e2e/unit49-50.spec.js:58:1 › 23 词连续听辨，新加入的词必须逐题作答，末题主动完成，重练不代答 (4.0s)
  ✓  53 tests/e2e/unit49-50.spec.js:90:1 › 课文必须听完再进入理解题，历史点读与刷新不代替当前句 (1.2s)
  ✓  54 tests/e2e/unit49-50.spec.js:122:1 › 区分喜好与当前需求，并保留 Written A 的六种否定结构 (1.1s)
  ✓  55 tests/e2e/unit49-50.spec.js:140:1 › 从空记录完成整个单元，只有末站结算后领证，保存与打印同一张单元证书 (8.9s)
  ✓  56 tests/e2e/unit49-50.spec.js:210:1 › 电脑和平板手机布局不溢出，翻组后新词卡可见，结束动作集中排列 (3.0s)
  ✓  57 tests/e2e/unit49-50.spec.js:258:1 › 在长页直接操作另一站后，刷新和封面的继续按钮回到该站 (430ms)
  ✓  58 tests/e2e/unit49-50.spec.js:272:1 › 新增九词使用可播放的本地录音与完整图卡，听辨录音失败不能靠后备语音解锁检查 (19.2s)
  ✓  59 tests/e2e/unit49-50.spec.js:307:1 › 采购挑战延续原课的标题旁暂停，暂停和继续保留本题选择 (376ms)
  ✓  60 tests/e2e/unit49-50.spec.js:321:1 › 从长页直接切到另一活动时停止旧录音，迟到的结束事件不推进课文 (263ms)

  60 passed (1.6m)
